VERSION=all  FLOW=lat  FLOW_FLAGS=--lateral
======================================================================
Inductive WN18RR v1 | flow=up+lat
======================================================================
  Loaded entity text from entity2text.txt (40943 entries)
  GraIL WN18RR v1: train graph 2747 ent / 5410 edges | ind graph 923 ent / 1618 support / 188 test | 9 relations (shared)
Training for 100 epochs
  Entities: 2747
  Train triples: 5410
  Val triples:   630
  Device: cuda
Epoch   1/100 | mean loss 0.7767 | 2.1s
Epoch   2/100 | mean loss 0.3868 | 0.7s
Epoch   3/100 | mean loss 0.2917 | 0.7s
Epoch   4/100 | mean loss 0.2231 | 0.7s
Epoch   5/100 | mean loss 0.1868 | 0.7s
Epoch   6/100 | mean loss 0.1596 | 0.9s
Epoch   7/100 | mean loss 0.1407 | 0.7s
Epoch   8/100 | mean loss 0.1233 | 0.7s
  step    50 | loss 0.1110 | lp 0.1110 | struct 0.0000 | gate_bias -2.00
Epoch   9/100 | mean loss 0.1073 | 0.7s
Epoch  10/100 | mean loss 0.0950 | 0.7s
Epoch  11/100 | mean loss 0.0875 | 0.7s
Epoch  12/100 | mean loss 0.0785 | 0.7s
Epoch  13/100 | mean loss 0.0714 | 0.7s
Epoch  14/100 | mean loss 0.0662 | 0.7s
Epoch  15/100 | mean loss 0.0604 | 0.7s
Epoch  16/100 | mean loss 0.0591 | 0.7s
  step   100 | loss 0.0496 | lp 0.0496 | struct 0.0000 | gate_bias -2.00
Epoch  17/100 | mean loss 0.0531 | 0.7s
Epoch  18/100 | mean loss 0.0503 | 0.7s
Epoch  19/100 | mean loss 0.0488 | 0.7s
Epoch  20/100 | mean loss 0.0467 | 0.7s
Epoch  21/100 | mean loss 0.0449 | 0.7s
Epoch  22/100 | mean loss 0.0422 | 0.7s
Epoch  23/100 | mean loss 0.0398 | 0.7s
Epoch  24/100 | mean loss 0.0381 | 0.7s
  step   150 | loss 0.0398 | lp 0.0398 | struct 0.0000 | gate_bias -2.00
Epoch  25/100 | mean loss 0.0372 | 0.7s
Epoch  26/100 | mean loss 0.0356 | 0.7s
Epoch  27/100 | mean loss 0.0341 | 0.7s
Epoch  28/100 | mean loss 0.0327 | 0.7s
Epoch  29/100 | mean loss 0.0311 | 0.7s
Epoch  30/100 | mean loss 0.0304 | 0.7s
Epoch  31/100 | mean loss 0.0303 | 0.7s
Epoch  32/100 | mean loss 0.0293 | 0.7s
Epoch  33/100 | mean loss 0.0278 | 0.7s
  step   200 | loss 0.0252 | lp 0.0252 | struct 0.0000 | gate_bias -2.00
  [eval] step 200 | MRR 0.1287 | H@1 0.0000 | H@10 0.4286
  [best] new best val MRR: 0.1287
Epoch  34/100 | mean loss 0.0264 | 1.5s
Epoch  35/100 | mean loss 0.0260 | 0.7s
Epoch  36/100 | mean loss 0.0261 | 0.7s
Epoch  37/100 | mean loss 0.0250 | 0.7s
Epoch  38/100 | mean loss 0.0242 | 0.7s
Epoch  39/100 | mean loss 0.0241 | 0.7s
Epoch  40/100 | mean loss 0.0229 | 0.7s
Epoch  41/100 | mean loss 0.0224 | 0.7s
  step   250 | loss 0.0235 | lp 0.0235 | struct 0.0000 | gate_bias -2.00
Epoch  42/100 | mean loss 0.0219 | 0.7s
Epoch  43/100 | mean loss 0.0213 | 0.7s
Epoch  44/100 | mean loss 0.0211 | 0.7s
Epoch  45/100 | mean loss 0.0204 | 0.7s
Epoch  46/100 | mean loss 0.0204 | 0.7s
Epoch  47/100 | mean loss 0.0193 | 0.7s
Epoch  48/100 | mean loss 0.0192 | 0.7s
Epoch  49/100 | mean loss 0.0191 | 0.7s
  step   300 | loss 0.0173 | lp 0.0173 | struct 0.0000 | gate_bias -2.00
Epoch  50/100 | mean loss 0.0184 | 0.7s
Epoch  51/100 | mean loss 0.0185 | 0.7s
Epoch  52/100 | mean loss 0.0182 | 0.7s
Epoch  53/100 | mean loss 0.0178 | 0.7s
Epoch  54/100 | mean loss 0.0174 | 0.7s
Epoch  55/100 | mean loss 0.0175 | 0.7s
Epoch  56/100 | mean loss 0.0166 | 0.7s
Epoch  57/100 | mean loss 0.0164 | 0.7s
Epoch  58/100 | mean loss 0.0169 | 0.7s
  step   350 | loss 0.0162 | lp 0.0161 | struct 0.0000 | gate_bias -2.00
Epoch  59/100 | mean loss 0.0168 | 0.7s
Epoch  60/100 | mean loss 0.0163 | 0.7s
Epoch  61/100 | mean loss 0.0154 | 0.7s
Epoch  62/100 | mean loss 0.0150 | 0.7s
Epoch  63/100 | mean loss 0.0150 | 0.7s
Epoch  64/100 | mean loss 0.0152 | 0.7s
Epoch  65/100 | mean loss 0.0146 | 0.8s
Epoch  66/100 | mean loss 0.0144 | 0.7s
  step   400 | loss 0.0150 | lp 0.0150 | struct 0.0000 | gate_bias -2.00
  [eval] step 400 | MRR 0.1589 | H@1 0.0000 | H@10 0.5333
  [best] new best val MRR: 0.1589
Epoch  67/100 | mean loss 0.0144 | 1.5s
Epoch  68/100 | mean loss 0.0146 | 0.7s
Epoch  69/100 | mean loss 0.0139 | 0.7s
Epoch  70/100 | mean loss 0.0137 | 0.7s
Epoch  71/100 | mean loss 0.0135 | 0.7s
Epoch  72/100 | mean loss 0.0138 | 0.7s
Epoch  73/100 | mean loss 0.0137 | 0.7s
Epoch  74/100 | mean loss 0.0133 | 0.7s
  step   450 | loss 0.0150 | lp 0.0150 | struct 0.0000 | gate_bias -2.00
Epoch  75/100 | mean loss 0.0136 | 0.7s
Epoch  76/100 | mean loss 0.0134 | 0.7s
Epoch  77/100 | mean loss 0.0138 | 0.7s
Epoch  78/100 | mean loss 0.0133 | 0.7s
Epoch  79/100 | mean loss 0.0128 | 0.7s
Epoch  80/100 | mean loss 0.0128 | 0.7s
Epoch  81/100 | mean loss 0.0125 | 0.7s
Epoch  82/100 | mean loss 0.0125 | 0.7s
Epoch  83/100 | mean loss 0.0127 | 0.7s
  step   500 | loss 0.0117 | lp 0.0117 | struct 0.0000 | gate_bias -2.00
Epoch  84/100 | mean loss 0.0121 | 0.7s
Epoch  85/100 | mean loss 0.0127 | 0.7s
Epoch  86/100 | mean loss 0.0126 | 0.7s
Epoch  87/100 | mean loss 0.0124 | 0.7s
Epoch  88/100 | mean loss 0.0117 | 0.7s
Epoch  89/100 | mean loss 0.0119 | 0.7s
Epoch  90/100 | mean loss 0.0116 | 0.7s
Epoch  91/100 | mean loss 0.0110 | 0.7s
  step   550 | loss 0.0123 | lp 0.0123 | struct 0.0000 | gate_bias -1.90
Epoch  92/100 | mean loss 0.0112 | 0.7s
Epoch  93/100 | mean loss 0.0114 | 0.7s
Epoch  94/100 | mean loss 0.0116 | 0.7s
Epoch  95/100 | mean loss 0.0110 | 0.7s
Epoch  96/100 | mean loss 0.0111 | 0.7s
Epoch  97/100 | mean loss 0.0108 | 0.7s
Epoch  98/100 | mean loss 0.0107 | 0.7s
Epoch  99/100 | mean loss 0.0108 | 0.7s
  step   600 | loss 0.0103 | lp 0.0103 | struct 0.0000 | gate_bias -1.80
  [eval] step 600 | MRR 0.1736 | H@1 0.0000 | H@10 0.5762
  [best] new best val MRR: 0.1736
Epoch 100/100 | mean loss 0.0104 | 1.5s

Inductive v1 — filtered (rank vs all entities):
  mrr: 0.0939
  hits@1: 0.0000
  hits@3: 0.1170
  hits@10: 0.3085
Inductive v1 — GraIL (vs 50 negatives):
  hits@10_50neg: 0.7340
  mrr_50neg: 0.4473
  auc_pr: 0.8054
  n: 188.0000

RESULT | inductive version=v1 | flow=up+lat | embed=all-mpnet-base-v2 | mrr=0.0939 h@1=0.0000 h@3=0.1170 h@10=0.3085
GRAIL  | inductive version=v1 | flow=up+lat | embed=all-mpnet-base-v2 | hits@10_50neg=0.7340 mrr_50neg=0.4473 auc_pr=0.8054
======================================================================
======================================================================
Inductive WN18RR v2 | flow=up+lat
======================================================================
  Loaded entity text from entity2text.txt (40943 entries)
  GraIL WN18RR v2: train graph 6955 ent / 15262 edges | ind graph 2758 ent / 4011 support / 441 test | 10 relations (shared)
Training for 100 epochs
  Entities: 6955
  Train triples: 15262
  Val triples:   1838
  Device: cuda
Epoch   1/100 | mean loss 0.5558 | 4.6s
Epoch   2/100 | mean loss 0.2326 | 2.4s
Epoch   3/100 | mean loss 0.1627 | 2.4s
  step    50 | loss 0.1260 | lp 0.1260 | struct 0.0000 | gate_bias -2.00
Epoch   4/100 | mean loss 0.1245 | 2.4s
Epoch   5/100 | mean loss 0.1041 | 2.4s
Epoch   6/100 | mean loss 0.0906 | 2.4s
  step   100 | loss 0.0866 | lp 0.0866 | struct 0.0000 | gate_bias -2.00
Epoch   7/100 | mean loss 0.0813 | 2.4s
Epoch   8/100 | mean loss 0.0737 | 2.4s
Epoch   9/100 | mean loss 0.0684 | 2.4s
  step   150 | loss 0.0681 | lp 0.0681 | struct 0.0000 | gate_bias -2.00
Epoch  10/100 | mean loss 0.0642 | 2.4s
Epoch  11/100 | mean loss 0.0613 | 2.4s
Epoch  12/100 | mean loss 0.0575 | 2.4s
Epoch  13/100 | mean loss 0.0548 | 2.4s
  step   200 | loss 0.0532 | lp 0.0532 | struct 0.0000 | gate_bias -2.00
  [eval] step 200 | MRR 0.0989 | H@1 0.0000 | H@10 0.3036
  [best] new best val MRR: 0.0989
Epoch  14/100 | mean loss 0.0527 | 4.7s
Epoch  15/100 | mean loss 0.0499 | 2.4s
Epoch  16/100 | mean loss 0.0473 | 2.4s
  step   250 | loss 0.0482 | lp 0.0482 | struct 0.0000 | gate_bias -2.00
Epoch  17/100 | mean loss 0.0460 | 2.4s
Epoch  18/100 | mean loss 0.0446 | 2.4s
Epoch  19/100 | mean loss 0.0427 | 2.4s
  step   300 | loss 0.0454 | lp 0.0454 | struct 0.0000 | gate_bias -2.00
Epoch  20/100 | mean loss 0.0417 | 2.4s
Epoch  21/100 | mean loss 0.0405 | 2.4s
Epoch  22/100 | mean loss 0.0391 | 2.4s
Epoch  23/100 | mean loss 0.0378 | 2.4s
  step   350 | loss 0.0359 | lp 0.0359 | struct 0.0000 | gate_bias -2.00
Epoch  24/100 | mean loss 0.0367 | 2.4s
Epoch  25/100 | mean loss 0.0365 | 2.4s
Epoch  26/100 | mean loss 0.0354 | 2.4s
  step   400 | loss 0.0344 | lp 0.0344 | struct 0.0000 | gate_bias -2.00
  [eval] step 400 | MRR 0.1116 | H@1 0.0000 | H@10 0.3526
  [best] new best val MRR: 0.1116
Epoch  27/100 | mean loss 0.0342 | 4.7s
Epoch  28/100 | mean loss 0.0332 | 2.4s
Epoch  29/100 | mean loss 0.0326 | 2.4s
  step   450 | loss 0.0324 | lp 0.0324 | struct 0.0000 | gate_bias -2.00
Epoch  30/100 | mean loss 0.0317 | 2.4s
Epoch  31/100 | mean loss 0.0309 | 2.4s
Epoch  32/100 | mean loss 0.0305 | 2.4s
Epoch  33/100 | mean loss 0.0296 | 2.4s
  step   500 | loss 0.0306 | lp 0.0306 | struct 0.0000 | gate_bias -2.00
Epoch  34/100 | mean loss 0.0287 | 2.4s
Epoch  35/100 | mean loss 0.0286 | 2.4s
Epoch  36/100 | mean loss 0.0278 | 2.4s
  step   550 | loss 0.0268 | lp 0.0268 | struct 0.0000 | gate_bias -1.90
Epoch  37/100 | mean loss 0.0272 | 2.4s
Epoch  38/100 | mean loss 0.0261 | 2.4s
Epoch  39/100 | mean loss 0.0257 | 2.4s
  step   600 | loss 0.0277 | lp 0.0277 | struct 0.0000 | gate_bias -1.80
  [eval] step 600 | MRR 0.1227 | H@1 0.0000 | H@10 0.4059
  [best] new best val MRR: 0.1227
Epoch  40/100 | mean loss 0.0254 | 4.6s
Epoch  41/100 | mean loss 0.0250 | 2.4s
Epoch  42/100 | mean loss 0.0245 | 2.4s
Epoch  43/100 | mean loss 0.0244 | 2.4s
  step   650 | loss 0.0242 | lp 0.0242 | struct 0.0000 | gate_bias -1.70
Epoch  44/100 | mean loss 0.0239 | 2.4s
Epoch  45/100 | mean loss 0.0235 | 2.4s
Epoch  46/100 | mean loss 0.0228 | 2.4s
  step   700 | loss 0.0261 | lp 0.0261 | struct 0.0000 | gate_bias -1.60
Epoch  47/100 | mean loss 0.0229 | 2.4s
Epoch  48/100 | mean loss 0.0222 | 2.4s
Epoch  49/100 | mean loss 0.0217 | 2.5s
  step   750 | loss 0.0240 | lp 0.0240 | struct 0.0000 | gate_bias -1.50
Epoch  50/100 | mean loss 0.0213 | 2.4s
Epoch  51/100 | mean loss 0.0207 | 2.4s
Epoch  52/100 | mean loss 0.0205 | 2.4s
Epoch  53/100 | mean loss 0.0201 | 2.4s
  step   800 | loss 0.0186 | lp 0.0186 | struct 0.0000 | gate_bias -1.40
  [eval] step 800 | MRR 0.1282 | H@1 0.0000 | H@10 0.4244
  [best] new best val MRR: 0.1282
Epoch  54/100 | mean loss 0.0200 | 4.7s
Epoch  55/100 | mean loss 0.0198 | 2.4s
Epoch  56/100 | mean loss 0.0194 | 2.4s
  step   850 | loss 0.0196 | lp 0.0196 | struct 0.0000 | gate_bias -1.30
Epoch  57/100 | mean loss 0.0191 | 2.4s
Epoch  58/100 | mean loss 0.0186 | 2.4s
Epoch  59/100 | mean loss 0.0190 | 2.4s
  step   900 | loss 0.0208 | lp 0.0208 | struct 0.0000 | gate_bias -1.20
Epoch  60/100 | mean loss 0.0183 | 2.4s
Epoch  61/100 | mean loss 0.0182 | 2.4s
Epoch  62/100 | mean loss 0.0179 | 2.4s
Epoch  63/100 | mean loss 0.0177 | 2.4s
  step   950 | loss 0.0153 | lp 0.0153 | struct 0.0000 | gate_bias -1.10
Epoch  64/100 | mean loss 0.0177 | 2.4s
Epoch  65/100 | mean loss 0.0173 | 2.4s
Epoch  66/100 | mean loss 0.0170 | 2.4s
  step  1000 | loss 0.0172 | lp 0.0172 | struct 0.0000 | gate_bias -1.00
  [eval] step 1000 | MRR 0.1345 | H@1 0.0000 | H@10 0.4576
  [best] new best val MRR: 0.1345
Epoch  67/100 | mean loss 0.0165 | 4.7s
Epoch  68/100 | mean loss 0.0161 | 2.4s
Epoch  69/100 | mean loss 0.0162 | 2.4s
  step  1050 | loss 0.0177 | lp 0.0177 | struct 0.0000 | gate_bias -0.90
Epoch  70/100 | mean loss 0.0161 | 2.4s
Epoch  71/100 | mean loss 0.0159 | 2.4s
Epoch  72/100 | mean loss 0.0154 | 2.4s
Epoch  73/100 | mean loss 0.0152 | 2.4s
  step  1100 | loss 0.0133 | lp 0.0133 | struct 0.0000 | gate_bias -0.80
Epoch  74/100 | mean loss 0.0150 | 2.4s
Epoch  75/100 | mean loss 0.0148 | 2.4s
Epoch  76/100 | mean loss 0.0147 | 2.4s
  step  1150 | loss 0.0153 | lp 0.0153 | struct 0.0000 | gate_bias -0.70
Epoch  77/100 | mean loss 0.0143 | 2.4s
Epoch  78/100 | mean loss 0.0143 | 2.4s
Epoch  79/100 | mean loss 0.0144 | 2.4s
  step  1200 | loss 0.0144 | lp 0.0144 | struct 0.0000 | gate_bias -0.60
  [eval] step 1200 | MRR 0.1385 | H@1 0.0000 | H@10 0.4799
  [best] new best val MRR: 0.1385
Epoch  80/100 | mean loss 0.0138 | 4.6s
Epoch  81/100 | mean loss 0.0139 | 2.4s
Epoch  82/100 | mean loss 0.0138 | 2.4s
Epoch  83/100 | mean loss 0.0134 | 2.4s
  step  1250 | loss 0.0129 | lp 0.0129 | struct 0.0000 | gate_bias -0.50
Epoch  84/100 | mean loss 0.0135 | 2.4s
Epoch  85/100 | mean loss 0.0134 | 2.4s
Epoch  86/100 | mean loss 0.0127 | 2.4s
  step  1300 | loss 0.0134 | lp 0.0134 | struct 0.0000 | gate_bias -0.40
Epoch  87/100 | mean loss 0.0128 | 2.4s
Epoch  88/100 | mean loss 0.0128 | 2.4s
Epoch  89/100 | mean loss 0.0129 | 2.4s
  step  1350 | loss 0.0130 | lp 0.0130 | struct 0.0000 | gate_bias -0.30
Epoch  90/100 | mean loss 0.0125 | 2.4s
Epoch  91/100 | mean loss 0.0126 | 2.4s
Epoch  92/100 | mean loss 0.0124 | 2.4s
Epoch  93/100 | mean loss 0.0125 | 2.4s
  step  1400 | loss 0.0120 | lp 0.0120 | struct 0.0000 | gate_bias -0.20
  [eval] step 1400 | MRR 0.1432 | H@1 0.0000 | H@10 0.4984
  [best] new best val MRR: 0.1432
Epoch  94/100 | mean loss 0.0125 | 4.9s
Epoch  95/100 | mean loss 0.0122 | 2.4s
Epoch  96/100 | mean loss 0.0118 | 2.4s
  step  1450 | loss 0.0122 | lp 0.0122 | struct 0.0000 | gate_bias -0.10
Epoch  97/100 | mean loss 0.0118 | 2.4s
Epoch  98/100 | mean loss 0.0115 | 2.4s
Epoch  99/100 | mean loss 0.0115 | 2.4s
  step  1500 | loss 0.0115 | lp 0.0115 | struct 0.0000 | gate_bias 0.00
Epoch 100/100 | mean loss 0.0113 | 2.4s

Inductive v2 — filtered (rank vs all entities):
  mrr: 0.1266
  hits@1: 0.0000
  hits@3: 0.1587
  hits@10: 0.4014
Inductive v2 — GraIL (vs 50 negatives):
  hits@10_50neg: 0.8866
  mrr_50neg: 0.6867
  auc_pr: 0.8603
  n: 441.0000

RESULT | inductive version=v2 | flow=up+lat | embed=all-mpnet-base-v2 | mrr=0.1266 h@1=0.0000 h@3=0.1587 h@10=0.4014
GRAIL  | inductive version=v2 | flow=up+lat | embed=all-mpnet-base-v2 | hits@10_50neg=0.8866 mrr_50neg=0.6867 auc_pr=0.8603
======================================================================
======================================================================
Inductive WN18RR v3 | flow=up+lat
======================================================================
  Loaded entity text from entity2text.txt (40943 entries)
  GraIL WN18RR v3: train graph 12079 ent / 25901 edges | ind graph 5085 ent / 6327 support / 605 test | 11 relations (shared)
Training for 100 epochs
  Entities: 12079
  Train triples: 25901
  Val triples:   3097
  Device: cuda
Epoch   1/100 | mean loss 0.4059 | 11.9s
  step    50 | loss 0.1448 | lp 0.1448 | struct 0.0000 | gate_bias -2.00
Epoch   2/100 | mean loss 0.1588 | 8.0s
Epoch   3/100 | mean loss 0.1164 | 8.0s
  step   100 | loss 0.0956 | lp 0.0956 | struct 0.0000 | gate_bias -2.00
Epoch   4/100 | mean loss 0.0967 | 8.0s
Epoch   5/100 | mean loss 0.0844 | 8.0s
  step   150 | loss 0.0719 | lp 0.0719 | struct 0.0000 | gate_bias -2.00
Epoch   6/100 | mean loss 0.0767 | 8.0s
Epoch   7/100 | mean loss 0.0707 | 8.0s
  step   200 | loss 0.0658 | lp 0.0658 | struct 0.0000 | gate_bias -2.00
  [eval] step 200 | MRR 0.0899 | H@1 0.0000 | H@10 0.2767
  [best] new best val MRR: 0.0899
Epoch   8/100 | mean loss 0.0666 | 12.1s
Epoch   9/100 | mean loss 0.0625 | 8.0s
  step   250 | loss 0.0551 | lp 0.0551 | struct 0.0000 | gate_bias -2.00
Epoch  10/100 | mean loss 0.0600 | 8.0s
Epoch  11/100 | mean loss 0.0568 | 8.0s
  step   300 | loss 0.0549 | lp 0.0549 | struct 0.0000 | gate_bias -2.00
Epoch  12/100 | mean loss 0.0544 | 8.0s
Epoch  13/100 | mean loss 0.0527 | 7.9s
  step   350 | loss 0.0475 | lp 0.0475 | struct 0.0000 | gate_bias -2.00
Epoch  14/100 | mean loss 0.0511 | 8.0s
Epoch  15/100 | mean loss 0.0499 | 8.0s
  step   400 | loss 0.0473 | lp 0.0473 | struct 0.0000 | gate_bias -2.00
  [eval] step 400 | MRR 0.1060 | H@1 0.0000 | H@10 0.3271
  [best] new best val MRR: 0.1060
Epoch  16/100 | mean loss 0.0480 | 11.9s
Epoch  17/100 | mean loss 0.0467 | 8.0s
  step   450 | loss 0.0413 | lp 0.0413 | struct 0.0000 | gate_bias -2.00
Epoch  18/100 | mean loss 0.0456 | 8.0s
Epoch  19/100 | mean loss 0.0442 | 8.0s
  step   500 | loss 0.0395 | lp 0.0395 | struct 0.0000 | gate_bias -2.00
Epoch  20/100 | mean loss 0.0425 | 8.0s
Epoch  21/100 | mean loss 0.0415 | 8.0s
  step   550 | loss 0.0401 | lp 0.0401 | struct 0.0000 | gate_bias -1.90
Epoch  22/100 | mean loss 0.0409 | 8.0s
Epoch  23/100 | mean loss 0.0391 | 7.9s
  step   600 | loss 0.0353 | lp 0.0353 | struct 0.0000 | gate_bias -1.80
  [eval] step 600 | MRR 0.1109 | H@1 0.0000 | H@10 0.3539
  [best] new best val MRR: 0.1109
Epoch  24/100 | mean loss 0.0384 | 11.9s
  step   650 | loss 0.0437 | lp 0.0437 | struct 0.0000 | gate_bias -1.70
Epoch  25/100 | mean loss 0.0378 | 8.1s
Epoch  26/100 | mean loss 0.0372 | 8.0s
  step   700 | loss 0.0406 | lp 0.0406 | struct 0.0000 | gate_bias -1.60
Epoch  27/100 | mean loss 0.0362 | 8.0s
Epoch  28/100 | mean loss 0.0358 | 8.0s
  step   750 | loss 0.0356 | lp 0.0356 | struct 0.0000 | gate_bias -1.50
Epoch  29/100 | mean loss 0.0349 | 8.0s
Epoch  30/100 | mean loss 0.0339 | 8.0s
  step   800 | loss 0.0333 | lp 0.0332 | struct 0.0000 | gate_bias -1.40
  [eval] step 800 | MRR 0.1182 | H@1 0.0000 | H@10 0.3781
  [best] new best val MRR: 0.1182
Epoch  31/100 | mean loss 0.0331 | 12.1s
Epoch  32/100 | mean loss 0.0327 | 8.0s
  step   850 | loss 0.0323 | lp 0.0323 | struct 0.0000 | gate_bias -1.30
Epoch  33/100 | mean loss 0.0318 | 8.0s
Epoch  34/100 | mean loss 0.0314 | 8.0s
  step   900 | loss 0.0339 | lp 0.0339 | struct 0.0000 | gate_bias -1.20
Epoch  35/100 | mean loss 0.0309 | 8.0s
Epoch  36/100 | mean loss 0.0299 | 8.0s
  step   950 | loss 0.0282 | lp 0.0282 | struct 0.0000 | gate_bias -1.10
Epoch  37/100 | mean loss 0.0298 | 8.0s
Epoch  38/100 | mean loss 0.0292 | 8.0s
  step  1000 | loss 0.0265 | lp 0.0265 | struct 0.0000 | gate_bias -1.00
  [eval] step 1000 | MRR 0.1232 | H@1 0.0000 | H@10 0.3949
  [best] new best val MRR: 0.1232
Epoch  39/100 | mean loss 0.0289 | 11.9s
Epoch  40/100 | mean loss 0.0281 | 8.0s
  step  1050 | loss 0.0258 | lp 0.0257 | struct 0.0000 | gate_bias -0.90
Epoch  41/100 | mean loss 0.0278 | 8.0s
Epoch  42/100 | mean loss 0.0275 | 8.0s
  step  1100 | loss 0.0242 | lp 0.0242 | struct 0.0000 | gate_bias -0.80
Epoch  43/100 | mean loss 0.0267 | 8.0s
Epoch  44/100 | mean loss 0.0262 | 8.0s
  step  1150 | loss 0.0237 | lp 0.0237 | struct 0.0000 | gate_bias -0.70
Epoch  45/100 | mean loss 0.0262 | 8.0s
Epoch  46/100 | mean loss 0.0255 | 8.0s
  step  1200 | loss 0.0226 | lp 0.0226 | struct 0.0000 | gate_bias -0.60
  [eval] step 1200 | MRR 0.1234 | H@1 0.0000 | H@10 0.4001
  [best] new best val MRR: 0.1234
Epoch  47/100 | mean loss 0.0249 | 11.9s
Epoch  48/100 | mean loss 0.0245 | 8.0s
  step  1250 | loss 0.0218 | lp 0.0217 | struct 0.0000 | gate_bias -0.50
Epoch  49/100 | mean loss 0.0240 | 8.0s
  step  1300 | loss 0.0271 | lp 0.0271 | struct 0.0000 | gate_bias -0.40
Epoch  50/100 | mean loss 0.0239 | 8.2s
Epoch  51/100 | mean loss 0.0232 | 8.1s
  step  1350 | loss 0.0259 | lp 0.0259 | struct 0.0000 | gate_bias -0.30
Epoch  52/100 | mean loss 0.0225 | 8.0s
Epoch  53/100 | mean loss 0.0225 | 8.0s
  step  1400 | loss 0.0251 | lp 0.0251 | struct 0.0000 | gate_bias -0.20
  [eval] step 1400 | MRR 0.1305 | H@1 0.0000 | H@10 0.4269
  [best] new best val MRR: 0.1305
Epoch  54/100 | mean loss 0.0224 | 11.9s
Epoch  55/100 | mean loss 0.0219 | 8.0s
  step  1450 | loss 0.0225 | lp 0.0225 | struct 0.0000 | gate_bias -0.10
Epoch  56/100 | mean loss 0.0216 | 8.0s
Epoch  57/100 | mean loss 0.0212 | 8.0s
  step  1500 | loss 0.0223 | lp 0.0223 | struct 0.0000 | gate_bias 0.00
Epoch  58/100 | mean loss 0.0208 | 8.0s
Epoch  59/100 | mean loss 0.0203 | 8.0s
  step  1550 | loss 0.0197 | lp 0.0197 | struct 0.0000 | gate_bias 0.00
Epoch  60/100 | mean loss 0.0201 | 8.0s
Epoch  61/100 | mean loss 0.0199 | 8.0s
  step  1600 | loss 0.0213 | lp 0.0213 | struct 0.0000 | gate_bias 0.00
  [eval] step 1600 | MRR 0.1316 | H@1 0.0000 | H@10 0.4298
  [best] new best val MRR: 0.1316
Epoch  62/100 | mean loss 0.0197 | 11.9s
Epoch  63/100 | mean loss 0.0195 | 8.0s
  step  1650 | loss 0.0203 | lp 0.0203 | struct 0.0000 | gate_bias 0.00
Epoch  64/100 | mean loss 0.0194 | 8.0s
Epoch  65/100 | mean loss 0.0191 | 8.0s
  step  1700 | loss 0.0188 | lp 0.0188 | struct 0.0000 | gate_bias 0.00
Epoch  66/100 | mean loss 0.0190 | 8.0s
Epoch  67/100 | mean loss 0.0184 | 8.0s
  step  1750 | loss 0.0173 | lp 0.0173 | struct 0.0000 | gate_bias 0.00
Epoch  68/100 | mean loss 0.0179 | 8.0s
Epoch  69/100 | mean loss 0.0176 | 8.0s
  step  1800 | loss 0.0165 | lp 0.0165 | struct 0.0000 | gate_bias 0.00
  [eval] step 1800 | MRR 0.1290 | H@1 0.0000 | H@10 0.4256
Epoch  70/100 | mean loss 0.0177 | 11.9s
Epoch  71/100 | mean loss 0.0176 | 8.1s
  step  1850 | loss 0.0161 | lp 0.0161 | struct 0.0000 | gate_bias 0.00
Epoch  72/100 | mean loss 0.0172 | 8.0s
Epoch  73/100 | mean loss 0.0170 | 8.0s
  step  1900 | loss 0.0152 | lp 0.0152 | struct 0.0000 | gate_bias 0.00
Epoch  74/100 | mean loss 0.0165 | 8.0s
  step  1950 | loss 0.0172 | lp 0.0172 | struct 0.0000 | gate_bias 0.00
Epoch  75/100 | mean loss 0.0166 | 8.2s
Epoch  76/100 | mean loss 0.0164 | 8.0s
  step  2000 | loss 0.0168 | lp 0.0168 | struct 0.0000 | gate_bias 0.00
  [eval] step 2000 | MRR 0.1315 | H@1 0.0000 | H@10 0.4417
Epoch  77/100 | mean loss 0.0161 | 11.9s
Epoch  78/100 | mean loss 0.0160 | 8.0s
  step  2050 | loss 0.0173 | lp 0.0173 | struct 0.0000 | gate_bias 0.00
Epoch  79/100 | mean loss 0.0160 | 8.0s
Epoch  80/100 | mean loss 0.0156 | 8.0s
  step  2100 | loss 0.0167 | lp 0.0167 | struct 0.0000 | gate_bias 0.00
Epoch  81/100 | mean loss 0.0153 | 8.0s
Epoch  82/100 | mean loss 0.0152 | 8.0s
  step  2150 | loss 0.0159 | lp 0.0159 | struct 0.0000 | gate_bias 0.00
Epoch  83/100 | mean loss 0.0151 | 8.0s
Epoch  84/100 | mean loss 0.0147 | 8.0s
  step  2200 | loss 0.0137 | lp 0.0137 | struct 0.0000 | gate_bias 0.00
  [eval] step 2200 | MRR 0.1353 | H@1 0.0000 | H@10 0.4566
  [best] new best val MRR: 0.1353
Epoch  85/100 | mean loss 0.0146 | 11.9s
Epoch  86/100 | mean loss 0.0145 | 7.9s
  step  2250 | loss 0.0142 | lp 0.0142 | struct 0.0000 | gate_bias 0.00
Epoch  87/100 | mean loss 0.0144 | 8.0s
Epoch  88/100 | mean loss 0.0139 | 8.0s
  step  2300 | loss 0.0131 | lp 0.0131 | struct 0.0000 | gate_bias 0.00
Epoch  89/100 | mean loss 0.0139 | 8.0s
Epoch  90/100 | mean loss 0.0137 | 8.0s
  step  2350 | loss 0.0142 | lp 0.0142 | struct 0.0000 | gate_bias 0.00
Epoch  91/100 | mean loss 0.0135 | 8.0s
Epoch  92/100 | mean loss 0.0136 | 8.0s
  step  2400 | loss 0.0126 | lp 0.0126 | struct 0.0000 | gate_bias 0.00
  [eval] step 2400 | MRR 0.1348 | H@1 0.0000 | H@10 0.4511
Epoch  93/100 | mean loss 0.0131 | 12.1s
Epoch  94/100 | mean loss 0.0132 | 8.0s
  step  2450 | loss 0.0139 | lp 0.0139 | struct 0.0000 | gate_bias 0.00
Epoch  95/100 | mean loss 0.0133 | 8.0s
Epoch  96/100 | mean loss 0.0130 | 8.0s
  step  2500 | loss 0.0122 | lp 0.0122 | struct 0.0000 | gate_bias 0.00
Epoch  97/100 | mean loss 0.0127 | 8.0s
Epoch  98/100 | mean loss 0.0126 | 8.0s
  step  2550 | loss 0.0116 | lp 0.0116 | struct 0.0000 | gate_bias 0.00
Epoch  99/100 | mean loss 0.0123 | 8.0s
  step  2600 | loss 0.0154 | lp 0.0154 | struct 0.0000 | gate_bias 0.00
  [eval] step 2600 | MRR 0.1402 | H@1 0.0000 | H@10 0.4750
  [best] new best val MRR: 0.1402
Epoch 100/100 | mean loss 0.0123 | 12.0s

Inductive v3 — filtered (rank vs all entities):
  mrr: 0.0954
  hits@1: 0.0000
  hits@3: 0.1388
  hits@10: 0.2777
Inductive v3 — GraIL (vs 50 negatives):
  hits@10_50neg: 0.7835
  mrr_50neg: 0.5735
  auc_pr: 0.8025
  n: 605.0000

RESULT | inductive version=v3 | flow=up+lat | embed=all-mpnet-base-v2 | mrr=0.0954 h@1=0.0000 h@3=0.1388 h@10=0.2777
GRAIL  | inductive version=v3 | flow=up+lat | embed=all-mpnet-base-v2 | hits@10_50neg=0.7835 mrr_50neg=0.5735 auc_pr=0.8025
======================================================================
======================================================================
Inductive WN18RR v4 | flow=up+lat
======================================================================
  Loaded entity text from entity2text.txt (40943 entries)
  GraIL WN18RR v4: train graph 3862 ent / 7940 edges | ind graph 7085 ent / 12334 support / 1429 test | 9 relations (shared)
Training for 100 epochs
  Entities: 3862
  Train triples: 7940
  Val triples:   934
  Device: cuda
Epoch   1/100 | mean loss 0.7003 | 2.2s
Epoch   2/100 | mean loss 0.3160 | 1.1s
Epoch   3/100 | mean loss 0.2313 | 1.1s
Epoch   4/100 | mean loss 0.1795 | 1.1s
Epoch   5/100 | mean loss 0.1451 | 1.1s
Epoch   6/100 | mean loss 0.1195 | 1.1s
  step    50 | loss 0.1002 | lp 0.1002 | struct 0.0000 | gate_bias -2.00
Epoch   7/100 | mean loss 0.1010 | 1.1s
Epoch   8/100 | mean loss 0.0884 | 1.1s
Epoch   9/100 | mean loss 0.0787 | 1.1s
Epoch  10/100 | mean loss 0.0710 | 1.1s
Epoch  11/100 | mean loss 0.0647 | 1.1s
Epoch  12/100 | mean loss 0.0603 | 1.1s
  step   100 | loss 0.0530 | lp 0.0530 | struct 0.0000 | gate_bias -2.00
Epoch  13/100 | mean loss 0.0563 | 1.1s
Epoch  14/100 | mean loss 0.0518 | 1.1s
Epoch  15/100 | mean loss 0.0491 | 1.1s
Epoch  16/100 | mean loss 0.0462 | 1.1s
Epoch  17/100 | mean loss 0.0439 | 1.1s
Epoch  18/100 | mean loss 0.0426 | 1.1s
  step   150 | loss 0.0391 | lp 0.0391 | struct 0.0000 | gate_bias -2.00
Epoch  19/100 | mean loss 0.0406 | 1.1s
Epoch  20/100 | mean loss 0.0383 | 1.1s
Epoch  21/100 | mean loss 0.0374 | 1.1s
Epoch  22/100 | mean loss 0.0355 | 1.1s
Epoch  23/100 | mean loss 0.0357 | 1.1s
Epoch  24/100 | mean loss 0.0345 | 1.1s
  step   200 | loss 0.0318 | lp 0.0318 | struct 0.0000 | gate_bias -2.00
  [eval] step 200 | MRR 0.1305 | H@1 0.0000 | H@10 0.4229
  [best] new best val MRR: 0.1305
Epoch  25/100 | mean loss 0.0332 | 2.4s
Epoch  26/100 | mean loss 0.0313 | 1.1s
Epoch  27/100 | mean loss 0.0296 | 1.1s
Epoch  28/100 | mean loss 0.0288 | 1.1s
Epoch  29/100 | mean loss 0.0279 | 1.1s
Epoch  30/100 | mean loss 0.0269 | 1.1s
Epoch  31/100 | mean loss 0.0264 | 1.1s
  step   250 | loss 0.0245 | lp 0.0245 | struct 0.0000 | gate_bias -2.00
Epoch  32/100 | mean loss 0.0261 | 1.1s
Epoch  33/100 | mean loss 0.0254 | 1.1s
Epoch  34/100 | mean loss 0.0250 | 1.1s
Epoch  35/100 | mean loss 0.0241 | 1.1s
Epoch  36/100 | mean loss 0.0229 | 1.1s
Epoch  37/100 | mean loss 0.0228 | 1.1s
  step   300 | loss 0.0224 | lp 0.0224 | struct 0.0000 | gate_bias -2.00
Epoch  38/100 | mean loss 0.0220 | 1.1s
Epoch  39/100 | mean loss 0.0214 | 1.1s
Epoch  40/100 | mean loss 0.0213 | 1.1s
Epoch  41/100 | mean loss 0.0209 | 1.1s
Epoch  42/100 | mean loss 0.0209 | 1.1s
Epoch  43/100 | mean loss 0.0200 | 1.1s
  step   350 | loss 0.0216 | lp 0.0216 | struct 0.0000 | gate_bias -2.00
Epoch  44/100 | mean loss 0.0196 | 1.1s
Epoch  45/100 | mean loss 0.0189 | 1.1s
Epoch  46/100 | mean loss 0.0187 | 1.1s
Epoch  47/100 | mean loss 0.0183 | 1.1s
Epoch  48/100 | mean loss 0.0179 | 1.1s
Epoch  49/100 | mean loss 0.0178 | 1.1s
  step   400 | loss 0.0212 | lp 0.0212 | struct 0.0000 | gate_bias -2.00
  [eval] step 400 | MRR 0.1512 | H@1 0.0000 | H@10 0.5214
  [best] new best val MRR: 0.1512
Epoch  50/100 | mean loss 0.0179 | 2.3s
Epoch  51/100 | mean loss 0.0181 | 1.1s
Epoch  52/100 | mean loss 0.0178 | 1.1s
Epoch  53/100 | mean loss 0.0169 | 1.1s
Epoch  54/100 | mean loss 0.0164 | 1.1s
Epoch  55/100 | mean loss 0.0160 | 1.1s
Epoch  56/100 | mean loss 0.0158 | 1.1s
  step   450 | loss 0.0146 | lp 0.0146 | struct 0.0000 | gate_bias -2.00
Epoch  57/100 | mean loss 0.0156 | 1.1s
Epoch  58/100 | mean loss 0.0154 | 1.1s
Epoch  59/100 | mean loss 0.0151 | 1.1s
Epoch  60/100 | mean loss 0.0152 | 1.1s
Epoch  61/100 | mean loss 0.0147 | 1.1s
Epoch  62/100 | mean loss 0.0145 | 1.1s
  step   500 | loss 0.0143 | lp 0.0143 | struct 0.0000 | gate_bias -2.00
Epoch  63/100 | mean loss 0.0149 | 1.1s
Epoch  64/100 | mean loss 0.0142 | 1.1s
Epoch  65/100 | mean loss 0.0143 | 1.1s
Epoch  66/100 | mean loss 0.0134 | 1.1s
Epoch  67/100 | mean loss 0.0135 | 1.1s
Epoch  68/100 | mean loss 0.0133 | 1.2s
  step   550 | loss 0.0130 | lp 0.0130 | struct 0.0000 | gate_bias -1.90
Epoch  69/100 | mean loss 0.0134 | 1.1s
Epoch  70/100 | mean loss 0.0133 | 1.1s
Epoch  71/100 | mean loss 0.0132 | 1.1s
Epoch  72/100 | mean loss 0.0134 | 1.1s
Epoch  73/100 | mean loss 0.0129 | 1.1s
Epoch  74/100 | mean loss 0.0124 | 1.1s
  step   600 | loss 0.0126 | lp 0.0126 | struct 0.0000 | gate_bias -1.80
  [eval] step 600 | MRR 0.1665 | H@1 0.0000 | H@10 0.5782
  [best] new best val MRR: 0.1665
Epoch  75/100 | mean loss 0.0122 | 2.3s
Epoch  76/100 | mean loss 0.0126 | 1.1s
Epoch  77/100 | mean loss 0.0126 | 1.1s
Epoch  78/100 | mean loss 0.0121 | 1.1s
Epoch  79/100 | mean loss 0.0119 | 1.1s
Epoch  80/100 | mean loss 0.0122 | 1.1s
Epoch  81/100 | mean loss 0.0115 | 1.1s
  step   650 | loss 0.0110 | lp 0.0110 | struct 0.0000 | gate_bias -1.70
Epoch  82/100 | mean loss 0.0117 | 1.1s
Epoch  83/100 | mean loss 0.0116 | 1.1s
Epoch  84/100 | mean loss 0.0115 | 1.1s
Epoch  85/100 | mean loss 0.0114 | 1.1s
Epoch  86/100 | mean loss 0.0113 | 1.1s
Epoch  87/100 | mean loss 0.0112 | 1.1s
  step   700 | loss 0.0123 | lp 0.0123 | struct 0.0000 | gate_bias -1.60
Epoch  88/100 | mean loss 0.0116 | 1.1s
Epoch  89/100 | mean loss 0.0110 | 1.1s
Epoch  90/100 | mean loss 0.0105 | 1.1s
Epoch  91/100 | mean loss 0.0109 | 1.1s
Epoch  92/100 | mean loss 0.0106 | 1.1s
Epoch  93/100 | mean loss 0.0106 | 1.2s
  step   750 | loss 0.0117 | lp 0.0117 | struct 0.0000 | gate_bias -1.50
Epoch  94/100 | mean loss 0.0105 | 1.1s
Epoch  95/100 | mean loss 0.0104 | 1.1s
Epoch  96/100 | mean loss 0.0100 | 1.1s
Epoch  97/100 | mean loss 0.0101 | 1.1s
Epoch  98/100 | mean loss 0.0105 | 1.1s
Epoch  99/100 | mean loss 0.0099 | 1.1s
  step   800 | loss 0.0124 | lp 0.0124 | struct 0.0000 | gate_bias -1.40
  [eval] step 800 | MRR 0.1820 | H@1 0.0000 | H@10 0.5974
  [best] new best val MRR: 0.1820
Epoch 100/100 | mean loss 0.0104 | 2.3s

Inductive v4 — filtered (rank vs all entities):
  mrr: 0.0741
  hits@1: 0.0000
  hits@3: 0.0938
  hits@10: 0.2183
Inductive v4 — GraIL (vs 50 negatives):
  hits@10_50neg: 0.8341
  mrr_50neg: 0.6078
  auc_pr: 0.8684
  n: 1429.0000

RESULT | inductive version=v4 | flow=up+lat | embed=all-mpnet-base-v2 | mrr=0.0741 h@1=0.0000 h@3=0.0938 h@10=0.2183
GRAIL  | inductive version=v4 | flow=up+lat | embed=all-mpnet-base-v2 | hits@10_50neg=0.8341 mrr_50neg=0.6078 auc_pr=0.8684
======================================================================
