VERSION=all  FLOW=both  FLOW_FLAGS=--bidirectional --lateral
======================================================================
Inductive WN18RR v1 | flow=up+down+lat
======================================================================
  Loaded entity text from entity2text.txt (40943 entries)
  GraIL WN18RR v1: train graph 2747 ent / 5410 edges | ind graph 923 ent / 1618 support / 188 test | 9 relations (shared)
Training for 100 epochs
  Entities: 2747
  Train triples: 5410
  Val triples:   630
  Device: cuda
Epoch   1/100 | mean loss 0.7218 | 2.6s
Epoch   2/100 | mean loss 0.3838 | 1.0s
Epoch   3/100 | mean loss 0.2809 | 1.0s
Epoch   4/100 | mean loss 0.2204 | 1.0s
Epoch   5/100 | mean loss 0.1875 | 1.0s
Epoch   6/100 | mean loss 0.1554 | 1.0s
Epoch   7/100 | mean loss 0.1299 | 1.0s
Epoch   8/100 | mean loss 0.1098 | 1.0s
  step    50 | loss 0.0970 | lp 0.0970 | struct 0.0000 | gate_bias -2.00
Epoch   9/100 | mean loss 0.0949 | 1.0s
Epoch  10/100 | mean loss 0.0831 | 1.0s
Epoch  11/100 | mean loss 0.0759 | 1.0s
Epoch  12/100 | mean loss 0.0674 | 1.0s
Epoch  13/100 | mean loss 0.0604 | 1.0s
Epoch  14/100 | mean loss 0.0573 | 1.0s
Epoch  15/100 | mean loss 0.0519 | 1.0s
Epoch  16/100 | mean loss 0.0507 | 1.0s
  step   100 | loss 0.0447 | lp 0.0447 | struct 0.0000 | gate_bias -2.00
Epoch  17/100 | mean loss 0.0450 | 1.0s
Epoch  18/100 | mean loss 0.0423 | 1.0s
Epoch  19/100 | mean loss 0.0409 | 1.0s
Epoch  20/100 | mean loss 0.0381 | 1.0s
Epoch  21/100 | mean loss 0.0374 | 1.0s
Epoch  22/100 | mean loss 0.0347 | 1.0s
Epoch  23/100 | mean loss 0.0333 | 1.0s
Epoch  24/100 | mean loss 0.0322 | 1.0s
  step   150 | loss 0.0307 | lp 0.0307 | struct 0.0000 | gate_bias -2.00
Epoch  25/100 | mean loss 0.0304 | 1.0s
Epoch  26/100 | mean loss 0.0289 | 1.0s
Epoch  27/100 | mean loss 0.0282 | 1.0s
Epoch  28/100 | mean loss 0.0270 | 1.0s
Epoch  29/100 | mean loss 0.0264 | 1.0s
Epoch  30/100 | mean loss 0.0254 | 1.0s
Epoch  31/100 | mean loss 0.0248 | 1.0s
Epoch  32/100 | mean loss 0.0242 | 1.0s
Epoch  33/100 | mean loss 0.0239 | 1.0s
  step   200 | loss 0.0219 | lp 0.0219 | struct 0.0000 | gate_bias -2.00
  [eval] step 200 | MRR 0.1332 | H@1 0.0000 | H@10 0.4651
  [best] new best val MRR: 0.1332
Epoch  34/100 | mean loss 0.0227 | 1.8s
Epoch  35/100 | mean loss 0.0222 | 1.0s
Epoch  36/100 | mean loss 0.0211 | 1.0s
Epoch  37/100 | mean loss 0.0209 | 1.0s
Epoch  38/100 | mean loss 0.0200 | 1.0s
Epoch  39/100 | mean loss 0.0195 | 1.0s
Epoch  40/100 | mean loss 0.0191 | 1.0s
Epoch  41/100 | mean loss 0.0182 | 1.0s
  step   250 | loss 0.0180 | lp 0.0180 | struct 0.0000 | gate_bias -2.00
Epoch  42/100 | mean loss 0.0181 | 1.0s
Epoch  43/100 | mean loss 0.0177 | 1.0s
Epoch  44/100 | mean loss 0.0178 | 1.0s
Epoch  45/100 | mean loss 0.0176 | 1.0s
Epoch  46/100 | mean loss 0.0170 | 1.0s
Epoch  47/100 | mean loss 0.0166 | 1.0s
Epoch  48/100 | mean loss 0.0161 | 1.0s
Epoch  49/100 | mean loss 0.0159 | 1.0s
  step   300 | loss 0.0171 | lp 0.0171 | struct 0.0000 | gate_bias -2.00
Epoch  50/100 | mean loss 0.0158 | 1.0s
Epoch  51/100 | mean loss 0.0158 | 1.0s
Epoch  52/100 | mean loss 0.0153 | 1.0s
Epoch  53/100 | mean loss 0.0151 | 1.0s
Epoch  54/100 | mean loss 0.0146 | 1.0s
Epoch  55/100 | mean loss 0.0144 | 1.0s
Epoch  56/100 | mean loss 0.0145 | 1.0s
Epoch  57/100 | mean loss 0.0141 | 1.0s
Epoch  58/100 | mean loss 0.0140 | 1.0s
  step   350 | loss 0.0126 | lp 0.0126 | struct 0.0000 | gate_bias -2.00
Epoch  59/100 | mean loss 0.0131 | 1.0s
Epoch  60/100 | mean loss 0.0130 | 1.0s
Epoch  61/100 | mean loss 0.0133 | 1.0s
Epoch  62/100 | mean loss 0.0134 | 1.0s
Epoch  63/100 | mean loss 0.0125 | 1.0s
Epoch  64/100 | mean loss 0.0127 | 1.0s
Epoch  65/100 | mean loss 0.0130 | 1.0s
Epoch  66/100 | mean loss 0.0127 | 1.0s
  step   400 | loss 0.0128 | lp 0.0128 | struct 0.0000 | gate_bias -2.00
  [eval] step 400 | MRR 0.1673 | H@1 0.0000 | H@10 0.5540
  [best] new best val MRR: 0.1673
Epoch  67/100 | mean loss 0.0120 | 1.8s
Epoch  68/100 | mean loss 0.0128 | 1.0s
Epoch  69/100 | mean loss 0.0121 | 1.0s
Epoch  70/100 | mean loss 0.0117 | 1.0s
Epoch  71/100 | mean loss 0.0122 | 1.0s
Epoch  72/100 | mean loss 0.0117 | 1.0s
Epoch  73/100 | mean loss 0.0117 | 1.0s
Epoch  74/100 | mean loss 0.0116 | 1.0s
  step   450 | loss 0.0107 | lp 0.0107 | struct 0.0000 | gate_bias -2.00
Epoch  75/100 | mean loss 0.0115 | 1.0s
Epoch  76/100 | mean loss 0.0110 | 1.0s
Epoch  77/100 | mean loss 0.0117 | 1.0s
Epoch  78/100 | mean loss 0.0110 | 1.0s
Epoch  79/100 | mean loss 0.0108 | 1.0s
Epoch  80/100 | mean loss 0.0113 | 1.0s
Epoch  81/100 | mean loss 0.0109 | 1.0s
Epoch  82/100 | mean loss 0.0106 | 1.0s
Epoch  83/100 | mean loss 0.0111 | 1.0s
  step   500 | loss 0.0110 | lp 0.0110 | struct 0.0000 | gate_bias -2.00
Epoch  84/100 | mean loss 0.0106 | 1.0s
Epoch  85/100 | mean loss 0.0106 | 1.1s
Epoch  86/100 | mean loss 0.0108 | 1.0s
Epoch  87/100 | mean loss 0.0104 | 1.0s
Epoch  88/100 | mean loss 0.0104 | 1.0s
Epoch  89/100 | mean loss 0.0103 | 1.0s
Epoch  90/100 | mean loss 0.0102 | 1.0s
Epoch  91/100 | mean loss 0.0099 | 1.0s
  step   550 | loss 0.0110 | lp 0.0110 | struct 0.0000 | gate_bias -1.90
Epoch  92/100 | mean loss 0.0104 | 1.0s
Epoch  93/100 | mean loss 0.0097 | 1.0s
Epoch  94/100 | mean loss 0.0097 | 1.0s
Epoch  95/100 | mean loss 0.0096 | 1.0s
Epoch  96/100 | mean loss 0.0096 | 1.0s
Epoch  97/100 | mean loss 0.0092 | 1.0s
Epoch  98/100 | mean loss 0.0099 | 1.0s
Epoch  99/100 | mean loss 0.0095 | 1.0s
  step   600 | loss 0.0090 | lp 0.0090 | struct 0.0000 | gate_bias -1.80
  [eval] step 600 | MRR 0.1794 | H@1 0.0000 | H@10 0.5889
  [best] new best val MRR: 0.1794
Epoch 100/100 | mean loss 0.0097 | 1.8s

Inductive v1 — filtered (rank vs all entities):
  mrr: 0.0978
  hits@1: 0.0000
  hits@3: 0.1436
  hits@10: 0.2819
Inductive v1 — GraIL (vs 50 negatives):
  hits@10_50neg: 0.7447
  mrr_50neg: 0.4355
  auc_pr: 0.8266
  n: 188.0000

RESULT | inductive version=v1 | flow=up+down+lat | embed=all-mpnet-base-v2 | mrr=0.0978 h@1=0.0000 h@3=0.1436 h@10=0.2819
GRAIL  | inductive version=v1 | flow=up+down+lat | embed=all-mpnet-base-v2 | hits@10_50neg=0.7447 mrr_50neg=0.4355 auc_pr=0.8266
======================================================================
======================================================================
Inductive WN18RR v2 | flow=up+down+lat
======================================================================
  Loaded entity text from entity2text.txt (40943 entries)
  GraIL WN18RR v2: train graph 6955 ent / 15262 edges | ind graph 2758 ent / 4011 support / 441 test | 10 relations (shared)
Training for 100 epochs
  Entities: 6955
  Train triples: 15262
  Val triples:   1838
  Device: cuda
Epoch   1/100 | mean loss 0.5119 | 5.3s
Epoch   2/100 | mean loss 0.2181 | 3.1s
Epoch   3/100 | mean loss 0.1523 | 3.0s
  step    50 | loss 0.1155 | lp 0.1155 | struct 0.0000 | gate_bias -2.00
Epoch   4/100 | mean loss 0.1122 | 3.0s
Epoch   5/100 | mean loss 0.0912 | 3.0s
Epoch   6/100 | mean loss 0.0776 | 3.1s
  step   100 | loss 0.0734 | lp 0.0734 | struct 0.0000 | gate_bias -2.00
Epoch   7/100 | mean loss 0.0697 | 3.2s
Epoch   8/100 | mean loss 0.0634 | 3.1s
Epoch   9/100 | mean loss 0.0590 | 3.0s
  step   150 | loss 0.0591 | lp 0.0591 | struct 0.0000 | gate_bias -2.00
Epoch  10/100 | mean loss 0.0562 | 3.0s
Epoch  11/100 | mean loss 0.0525 | 3.0s
Epoch  12/100 | mean loss 0.0496 | 3.1s
Epoch  13/100 | mean loss 0.0468 | 3.1s
  step   200 | loss 0.0451 | lp 0.0451 | struct 0.0000 | gate_bias -2.00
  [eval] step 200 | MRR 0.1063 | H@1 0.0000 | H@10 0.3362
  [best] new best val MRR: 0.1063
Epoch  14/100 | mean loss 0.0448 | 5.6s
Epoch  15/100 | mean loss 0.0427 | 3.0s
Epoch  16/100 | mean loss 0.0404 | 3.0s
  step   250 | loss 0.0403 | lp 0.0403 | struct 0.0000 | gate_bias -2.00
Epoch  17/100 | mean loss 0.0391 | 3.1s
Epoch  18/100 | mean loss 0.0377 | 3.1s
Epoch  19/100 | mean loss 0.0363 | 3.1s
  step   300 | loss 0.0387 | lp 0.0387 | struct 0.0000 | gate_bias -2.00
Epoch  20/100 | mean loss 0.0352 | 3.0s
Epoch  21/100 | mean loss 0.0337 | 3.0s
Epoch  22/100 | mean loss 0.0326 | 3.0s
Epoch  23/100 | mean loss 0.0319 | 3.1s
  step   350 | loss 0.0306 | lp 0.0306 | struct 0.0000 | gate_bias -2.00
Epoch  24/100 | mean loss 0.0308 | 3.1s
Epoch  25/100 | mean loss 0.0298 | 3.0s
Epoch  26/100 | mean loss 0.0291 | 3.0s
  step   400 | loss 0.0295 | lp 0.0295 | struct 0.0000 | gate_bias -2.00
  [eval] step 400 | MRR 0.1200 | H@1 0.0000 | H@10 0.3939
  [best] new best val MRR: 0.1200
Epoch  27/100 | mean loss 0.0287 | 5.3s
Epoch  28/100 | mean loss 0.0280 | 3.1s
Epoch  29/100 | mean loss 0.0270 | 3.1s
  step   450 | loss 0.0267 | lp 0.0267 | struct 0.0000 | gate_bias -2.00
Epoch  30/100 | mean loss 0.0262 | 3.1s
Epoch  31/100 | mean loss 0.0255 | 3.0s
Epoch  32/100 | mean loss 0.0252 | 3.0s
Epoch  33/100 | mean loss 0.0245 | 3.0s
  step   500 | loss 0.0248 | lp 0.0248 | struct 0.0000 | gate_bias -2.00
Epoch  34/100 | mean loss 0.0239 | 3.0s
Epoch  35/100 | mean loss 0.0239 | 3.1s
Epoch  36/100 | mean loss 0.0230 | 3.1s
  step   550 | loss 0.0225 | lp 0.0225 | struct 0.0000 | gate_bias -1.90
Epoch  37/100 | mean loss 0.0229 | 3.0s
Epoch  38/100 | mean loss 0.0219 | 3.0s
Epoch  39/100 | mean loss 0.0216 | 3.0s
  step   600 | loss 0.0239 | lp 0.0239 | struct 0.0000 | gate_bias -1.80
  [eval] step 600 | MRR 0.1323 | H@1 0.0000 | H@10 0.4347
  [best] new best val MRR: 0.1323
Epoch  40/100 | mean loss 0.0210 | 5.4s
Epoch  41/100 | mean loss 0.0206 | 3.1s
Epoch  42/100 | mean loss 0.0205 | 3.0s
Epoch  43/100 | mean loss 0.0198 | 3.0s
  step   650 | loss 0.0193 | lp 0.0193 | struct 0.0000 | gate_bias -1.70
Epoch  44/100 | mean loss 0.0197 | 3.0s
Epoch  45/100 | mean loss 0.0189 | 3.2s
Epoch  46/100 | mean loss 0.0188 | 3.1s
  step   700 | loss 0.0202 | lp 0.0202 | struct 0.0000 | gate_bias -1.60
Epoch  47/100 | mean loss 0.0186 | 3.1s
Epoch  48/100 | mean loss 0.0184 | 3.0s
Epoch  49/100 | mean loss 0.0180 | 3.0s
  step   750 | loss 0.0199 | lp 0.0199 | struct 0.0000 | gate_bias -1.50
Epoch  50/100 | mean loss 0.0179 | 3.0s
Epoch  51/100 | mean loss 0.0174 | 3.0s
Epoch  52/100 | mean loss 0.0172 | 3.1s
Epoch  53/100 | mean loss 0.0168 | 3.1s
  step   800 | loss 0.0157 | lp 0.0157 | struct 0.0000 | gate_bias -1.40
  [eval] step 800 | MRR 0.1370 | H@1 0.0000 | H@10 0.4510
  [best] new best val MRR: 0.1370
Epoch  54/100 | mean loss 0.0164 | 5.3s
Epoch  55/100 | mean loss 0.0160 | 3.0s
Epoch  56/100 | mean loss 0.0156 | 3.0s
  step   850 | loss 0.0167 | lp 0.0167 | struct 0.0000 | gate_bias -1.30
Epoch  57/100 | mean loss 0.0158 | 3.1s
Epoch  58/100 | mean loss 0.0155 | 3.1s
Epoch  59/100 | mean loss 0.0154 | 3.0s
  step   900 | loss 0.0173 | lp 0.0173 | struct 0.0000 | gate_bias -1.20
Epoch  60/100 | mean loss 0.0151 | 3.0s
Epoch  61/100 | mean loss 0.0151 | 3.0s
Epoch  62/100 | mean loss 0.0149 | 3.0s
Epoch  63/100 | mean loss 0.0144 | 3.1s
  step   950 | loss 0.0130 | lp 0.0130 | struct 0.0000 | gate_bias -1.10
Epoch  64/100 | mean loss 0.0143 | 3.1s
Epoch  65/100 | mean loss 0.0141 | 3.0s
Epoch  66/100 | mean loss 0.0138 | 3.0s
  step  1000 | loss 0.0149 | lp 0.0149 | struct 0.0000 | gate_bias -1.00
  [eval] step 1000 | MRR 0.1406 | H@1 0.0000 | H@10 0.4652
  [best] new best val MRR: 0.1406
Epoch  67/100 | mean loss 0.0137 | 5.3s
Epoch  68/100 | mean loss 0.0134 | 3.0s
Epoch  69/100 | mean loss 0.0134 | 3.0s
  step  1050 | loss 0.0148 | lp 0.0148 | struct 0.0000 | gate_bias -0.90
Epoch  70/100 | mean loss 0.0133 | 3.0s
Epoch  71/100 | mean loss 0.0133 | 3.1s
Epoch  72/100 | mean loss 0.0130 | 3.1s
Epoch  73/100 | mean loss 0.0129 | 3.0s
  step  1100 | loss 0.0124 | lp 0.0124 | struct 0.0000 | gate_bias -0.80
Epoch  74/100 | mean loss 0.0124 | 3.1s
Epoch  75/100 | mean loss 0.0123 | 3.0s
Epoch  76/100 | mean loss 0.0122 | 3.0s
  step  1150 | loss 0.0130 | lp 0.0130 | struct 0.0000 | gate_bias -0.70
Epoch  77/100 | mean loss 0.0120 | 3.1s
Epoch  78/100 | mean loss 0.0117 | 3.1s
Epoch  79/100 | mean loss 0.0121 | 3.0s
  step  1200 | loss 0.0127 | lp 0.0127 | struct 0.0000 | gate_bias -0.60
  [eval] step 1200 | MRR 0.1445 | H@1 0.0000 | H@10 0.4880
  [best] new best val MRR: 0.1445
Epoch  80/100 | mean loss 0.0117 | 5.3s
Epoch  81/100 | mean loss 0.0116 | 3.1s
Epoch  82/100 | mean loss 0.0114 | 3.1s
Epoch  83/100 | mean loss 0.0113 | 3.1s
  step  1250 | loss 0.0114 | lp 0.0114 | struct 0.0000 | gate_bias -0.50
Epoch  84/100 | mean loss 0.0113 | 3.1s
Epoch  85/100 | mean loss 0.0111 | 3.0s
Epoch  86/100 | mean loss 0.0111 | 3.0s
  step  1300 | loss 0.0125 | lp 0.0125 | struct 0.0000 | gate_bias -0.40
Epoch  87/100 | mean loss 0.0109 | 3.0s
Epoch  88/100 | mean loss 0.0108 | 3.0s
Epoch  89/100 | mean loss 0.0104 | 3.1s
  step  1350 | loss 0.0110 | lp 0.0110 | struct 0.0000 | gate_bias -0.30
Epoch  90/100 | mean loss 0.0105 | 3.1s
Epoch  91/100 | mean loss 0.0101 | 3.0s
Epoch  92/100 | mean loss 0.0105 | 3.0s
Epoch  93/100 | mean loss 0.0101 | 3.0s
  step  1400 | loss 0.0093 | lp 0.0093 | struct 0.0000 | gate_bias -0.20
  [eval] step 1400 | MRR 0.1472 | H@1 0.0000 | H@10 0.5092
  [best] new best val MRR: 0.1472
Epoch  94/100 | mean loss 0.0099 | 5.4s
Epoch  95/100 | mean loss 0.0101 | 3.1s
Epoch  96/100 | mean loss 0.0097 | 3.0s
  step  1450 | loss 0.0107 | lp 0.0107 | struct 0.0000 | gate_bias -0.10
Epoch  97/100 | mean loss 0.0097 | 3.0s
Epoch  98/100 | mean loss 0.0097 | 3.0s
Epoch  99/100 | mean loss 0.0096 | 3.0s
  step  1500 | loss 0.0098 | lp 0.0098 | struct 0.0000 | gate_bias 0.00
Epoch 100/100 | mean loss 0.0096 | 3.2s

Inductive v2 — filtered (rank vs all entities):
  mrr: 0.1221
  hits@1: 0.0000
  hits@3: 0.1587
  hits@10: 0.4127
Inductive v2 — GraIL (vs 50 negatives):
  hits@10_50neg: 0.8957
  mrr_50neg: 0.6924
  auc_pr: 0.9099
  n: 441.0000

RESULT | inductive version=v2 | flow=up+down+lat | embed=all-mpnet-base-v2 | mrr=0.1221 h@1=0.0000 h@3=0.1587 h@10=0.4127
GRAIL  | inductive version=v2 | flow=up+down+lat | embed=all-mpnet-base-v2 | hits@10_50neg=0.8957 mrr_50neg=0.6924 auc_pr=0.9099
======================================================================
======================================================================
Inductive WN18RR v3 | flow=up+down+lat
======================================================================
  Loaded entity text from entity2text.txt (40943 entries)
  GraIL WN18RR v3: train graph 12079 ent / 25901 edges | ind graph 5085 ent / 6327 support / 605 test | 11 relations (shared)
Training for 100 epochs
  Entities: 12079
  Train triples: 25901
  Val triples:   3097
  Device: cuda
Epoch   1/100 | mean loss 0.3754 | 13.3s
  step    50 | loss 0.1413 | lp 0.1413 | struct 0.0000 | gate_bias -2.00
Epoch   2/100 | mean loss 0.1506 | 9.1s
Epoch   3/100 | mean loss 0.1047 | 9.1s
  step   100 | loss 0.0847 | lp 0.0847 | struct 0.0000 | gate_bias -2.00
Epoch   4/100 | mean loss 0.0854 | 9.1s
Epoch   5/100 | mean loss 0.0745 | 9.2s
  step   150 | loss 0.0608 | lp 0.0608 | struct 0.0000 | gate_bias -2.00
Epoch   6/100 | mean loss 0.0675 | 9.2s
Epoch   7/100 | mean loss 0.0623 | 9.2s
  step   200 | loss 0.0617 | lp 0.0617 | struct 0.0000 | gate_bias -2.00
  [eval] step 200 | MRR 0.0902 | H@1 0.0000 | H@10 0.2790
  [best] new best val MRR: 0.0902
Epoch   8/100 | mean loss 0.0590 | 13.2s
Epoch   9/100 | mean loss 0.0553 | 9.1s
  step   250 | loss 0.0488 | lp 0.0488 | struct 0.0000 | gate_bias -2.00
Epoch  10/100 | mean loss 0.0533 | 9.2s
Epoch  11/100 | mean loss 0.0504 | 9.1s
  step   300 | loss 0.0502 | lp 0.0502 | struct 0.0000 | gate_bias -2.00
Epoch  12/100 | mean loss 0.0487 | 9.2s
Epoch  13/100 | mean loss 0.0467 | 9.1s
  step   350 | loss 0.0425 | lp 0.0425 | struct 0.0000 | gate_bias -2.00
Epoch  14/100 | mean loss 0.0452 | 9.2s
Epoch  15/100 | mean loss 0.0435 | 9.1s
  step   400 | loss 0.0403 | lp 0.0403 | struct 0.0000 | gate_bias -2.00
  [eval] step 400 | MRR 0.1076 | H@1 0.0000 | H@10 0.3523
  [best] new best val MRR: 0.1076
Epoch  16/100 | mean loss 0.0418 | 13.1s
Epoch  17/100 | mean loss 0.0409 | 9.2s
  step   450 | loss 0.0348 | lp 0.0348 | struct 0.0000 | gate_bias -2.00
Epoch  18/100 | mean loss 0.0396 | 9.1s
Epoch  19/100 | mean loss 0.0385 | 9.3s
  step   500 | loss 0.0335 | lp 0.0335 | struct 0.0000 | gate_bias -2.00
Epoch  20/100 | mean loss 0.0373 | 9.2s
Epoch  21/100 | mean loss 0.0361 | 9.2s
  step   550 | loss 0.0338 | lp 0.0338 | struct 0.0000 | gate_bias -1.90
Epoch  22/100 | mean loss 0.0357 | 9.1s
Epoch  23/100 | mean loss 0.0345 | 9.1s
  step   600 | loss 0.0313 | lp 0.0313 | struct 0.0000 | gate_bias -1.80
  [eval] step 600 | MRR 0.1156 | H@1 0.0000 | H@10 0.3765
  [best] new best val MRR: 0.1156
Epoch  24/100 | mean loss 0.0331 | 13.1s
  step   650 | loss 0.0393 | lp 0.0393 | struct 0.0000 | gate_bias -1.70
Epoch  25/100 | mean loss 0.0328 | 9.3s
Epoch  26/100 | mean loss 0.0322 | 9.1s
  step   700 | loss 0.0375 | lp 0.0375 | struct 0.0000 | gate_bias -1.60
Epoch  27/100 | mean loss 0.0312 | 9.2s
Epoch  28/100 | mean loss 0.0307 | 9.1s
  step   750 | loss 0.0330 | lp 0.0330 | struct 0.0000 | gate_bias -1.50
Epoch  29/100 | mean loss 0.0302 | 9.2s
Epoch  30/100 | mean loss 0.0293 | 9.1s
  step   800 | loss 0.0298 | lp 0.0298 | struct 0.0000 | gate_bias -1.40
  [eval] step 800 | MRR 0.1194 | H@1 0.0000 | H@10 0.3952
  [best] new best val MRR: 0.1194
Epoch  31/100 | mean loss 0.0286 | 13.2s
Epoch  32/100 | mean loss 0.0282 | 9.2s
  step   850 | loss 0.0269 | lp 0.0269 | struct 0.0000 | gate_bias -1.30
Epoch  33/100 | mean loss 0.0270 | 9.2s
Epoch  34/100 | mean loss 0.0270 | 9.1s
  step   900 | loss 0.0287 | lp 0.0287 | struct 0.0000 | gate_bias -1.20
Epoch  35/100 | mean loss 0.0265 | 9.1s
Epoch  36/100 | mean loss 0.0256 | 9.2s
  step   950 | loss 0.0255 | lp 0.0255 | struct 0.0000 | gate_bias -1.10
Epoch  37/100 | mean loss 0.0256 | 9.1s
Epoch  38/100 | mean loss 0.0249 | 9.2s
  step  1000 | loss 0.0228 | lp 0.0228 | struct 0.0000 | gate_bias -1.00
  [eval] step 1000 | MRR 0.1210 | H@1 0.0000 | H@10 0.4010
  [best] new best val MRR: 0.1210
Epoch  39/100 | mean loss 0.0244 | 13.1s
Epoch  40/100 | mean loss 0.0238 | 9.1s
  step  1050 | loss 0.0216 | lp 0.0216 | struct 0.0000 | gate_bias -0.90
Epoch  41/100 | mean loss 0.0234 | 9.2s
Epoch  42/100 | mean loss 0.0228 | 9.1s
  step  1100 | loss 0.0204 | lp 0.0204 | struct 0.0000 | gate_bias -0.80
Epoch  43/100 | mean loss 0.0226 | 9.2s
Epoch  44/100 | mean loss 0.0220 | 9.1s
  step  1150 | loss 0.0202 | lp 0.0202 | struct 0.0000 | gate_bias -0.70
Epoch  45/100 | mean loss 0.0219 | 9.2s
Epoch  46/100 | mean loss 0.0213 | 9.1s
  step  1200 | loss 0.0197 | lp 0.0197 | struct 0.0000 | gate_bias -0.60
  [eval] step 1200 | MRR 0.1239 | H@1 0.0000 | H@10 0.4072
  [best] new best val MRR: 0.1239
Epoch  47/100 | mean loss 0.0212 | 13.3s
Epoch  48/100 | mean loss 0.0206 | 9.1s
  step  1250 | loss 0.0178 | lp 0.0178 | struct 0.0000 | gate_bias -0.50
Epoch  49/100 | mean loss 0.0202 | 9.2s
  step  1300 | loss 0.0223 | lp 0.0223 | struct 0.0000 | gate_bias -0.40
Epoch  50/100 | mean loss 0.0200 | 9.3s
Epoch  51/100 | mean loss 0.0193 | 9.1s
  step  1350 | loss 0.0229 | lp 0.0229 | struct 0.0000 | gate_bias -0.30
Epoch  52/100 | mean loss 0.0191 | 9.2s
Epoch  53/100 | mean loss 0.0188 | 9.1s
  step  1400 | loss 0.0207 | lp 0.0207 | struct 0.0000 | gate_bias -0.20
  [eval] step 1400 | MRR 0.1249 | H@1 0.0000 | H@10 0.4304
  [best] new best val MRR: 0.1249
Epoch  54/100 | mean loss 0.0186 | 13.1s
Epoch  55/100 | mean loss 0.0185 | 9.1s
  step  1450 | loss 0.0196 | lp 0.0196 | struct 0.0000 | gate_bias -0.10
Epoch  56/100 | mean loss 0.0182 | 9.2s
Epoch  57/100 | mean loss 0.0176 | 9.1s
  step  1500 | loss 0.0182 | lp 0.0182 | struct 0.0000 | gate_bias 0.00
Epoch  58/100 | mean loss 0.0175 | 9.2s
Epoch  59/100 | mean loss 0.0171 | 9.1s
  step  1550 | loss 0.0170 | lp 0.0170 | struct 0.0000 | gate_bias 0.00
Epoch  60/100 | mean loss 0.0170 | 9.2s
Epoch  61/100 | mean loss 0.0165 | 9.1s
  step  1600 | loss 0.0170 | lp 0.0170 | struct 0.0000 | gate_bias 0.00
  [eval] step 1600 | MRR 0.1317 | H@1 0.0000 | H@10 0.4475
  [best] new best val MRR: 0.1317
Epoch  62/100 | mean loss 0.0160 | 13.2s
Epoch  63/100 | mean loss 0.0162 | 9.1s
  step  1650 | loss 0.0164 | lp 0.0164 | struct 0.0000 | gate_bias 0.00
Epoch  64/100 | mean loss 0.0158 | 9.2s
Epoch  65/100 | mean loss 0.0158 | 9.1s
  step  1700 | loss 0.0170 | lp 0.0170 | struct 0.0000 | gate_bias 0.00
Epoch  66/100 | mean loss 0.0156 | 9.2s
Epoch  67/100 | mean loss 0.0155 | 9.1s
  step  1750 | loss 0.0151 | lp 0.0151 | struct 0.0000 | gate_bias 0.00
Epoch  68/100 | mean loss 0.0151 | 9.2s
Epoch  69/100 | mean loss 0.0144 | 9.1s
  step  1800 | loss 0.0138 | lp 0.0138 | struct 0.0000 | gate_bias 0.00
  [eval] step 1800 | MRR 0.1287 | H@1 0.0000 | H@10 0.4437
Epoch  70/100 | mean loss 0.0143 | 13.1s
Epoch  71/100 | mean loss 0.0143 | 9.2s
  step  1850 | loss 0.0124 | lp 0.0124 | struct 0.0000 | gate_bias 0.00
Epoch  72/100 | mean loss 0.0140 | 9.1s
Epoch  73/100 | mean loss 0.0137 | 9.1s
  step  1900 | loss 0.0129 | lp 0.0129 | struct 0.0000 | gate_bias 0.00
Epoch  74/100 | mean loss 0.0138 | 9.1s
  step  1950 | loss 0.0136 | lp 0.0136 | struct 0.0000 | gate_bias 0.00
Epoch  75/100 | mean loss 0.0137 | 9.4s
Epoch  76/100 | mean loss 0.0134 | 9.1s
  step  2000 | loss 0.0132 | lp 0.0132 | struct 0.0000 | gate_bias 0.00
  [eval] step 2000 | MRR 0.1261 | H@1 0.0000 | H@10 0.4443
Epoch  77/100 | mean loss 0.0131 | 13.1s
Epoch  78/100 | mean loss 0.0131 | 9.1s
  step  2050 | loss 0.0132 | lp 0.0132 | struct 0.0000 | gate_bias 0.00
Epoch  79/100 | mean loss 0.0130 | 9.2s
Epoch  80/100 | mean loss 0.0128 | 9.1s
  step  2100 | loss 0.0126 | lp 0.0126 | struct 0.0000 | gate_bias 0.00
Epoch  81/100 | mean loss 0.0124 | 9.2s
Epoch  82/100 | mean loss 0.0124 | 9.1s
  step  2150 | loss 0.0132 | lp 0.0132 | struct 0.0000 | gate_bias 0.00
Epoch  83/100 | mean loss 0.0122 | 9.2s
Epoch  84/100 | mean loss 0.0125 | 9.1s
  step  2200 | loss 0.0117 | lp 0.0117 | struct 0.0000 | gate_bias 0.00
  [eval] step 2200 | MRR 0.1303 | H@1 0.0000 | H@10 0.4585
Epoch  85/100 | mean loss 0.0120 | 13.1s
Epoch  86/100 | mean loss 0.0118 | 9.1s
  step  2250 | loss 0.0110 | lp 0.0110 | struct 0.0000 | gate_bias 0.00
Epoch  87/100 | mean loss 0.0118 | 9.2s
Epoch  88/100 | mean loss 0.0115 | 9.1s
  step  2300 | loss 0.0102 | lp 0.0102 | struct 0.0000 | gate_bias 0.00
Epoch  89/100 | mean loss 0.0114 | 9.2s
Epoch  90/100 | mean loss 0.0113 | 9.1s
  step  2350 | loss 0.0123 | lp 0.0123 | struct 0.0000 | gate_bias 0.00
Epoch  91/100 | mean loss 0.0111 | 9.1s
Epoch  92/100 | mean loss 0.0108 | 9.1s
  step  2400 | loss 0.0099 | lp 0.0099 | struct 0.0000 | gate_bias 0.00
  [eval] step 2400 | MRR 0.1349 | H@1 0.0000 | H@10 0.4734
  [best] new best val MRR: 0.1349
Epoch  93/100 | mean loss 0.0108 | 13.0s
Epoch  94/100 | mean loss 0.0108 | 9.1s
  step  2450 | loss 0.0116 | lp 0.0115 | struct 0.0000 | gate_bias 0.00
Epoch  95/100 | mean loss 0.0108 | 9.1s
Epoch  96/100 | mean loss 0.0106 | 9.1s
  step  2500 | loss 0.0097 | lp 0.0097 | struct 0.0000 | gate_bias 0.00
Epoch  97/100 | mean loss 0.0105 | 9.1s
Epoch  98/100 | mean loss 0.0103 | 9.1s
  step  2550 | loss 0.0091 | lp 0.0091 | struct 0.0000 | gate_bias 0.00
Epoch  99/100 | mean loss 0.0101 | 9.2s
  step  2600 | loss 0.0112 | lp 0.0112 | struct 0.0000 | gate_bias 0.00
  [eval] step 2600 | MRR 0.1330 | H@1 0.0000 | H@10 0.4688
Epoch 100/100 | mean loss 0.0100 | 13.2s

Inductive v3 — filtered (rank vs all entities):
  mrr: 0.0878
  hits@1: 0.0000
  hits@3: 0.1190
  hits@10: 0.2562
Inductive v3 — GraIL (vs 50 negatives):
  hits@10_50neg: 0.8347
  mrr_50neg: 0.5897
  auc_pr: 0.8640
  n: 605.0000

RESULT | inductive version=v3 | flow=up+down+lat | embed=all-mpnet-base-v2 | mrr=0.0878 h@1=0.0000 h@3=0.1190 h@10=0.2562
GRAIL  | inductive version=v3 | flow=up+down+lat | embed=all-mpnet-base-v2 | hits@10_50neg=0.8347 mrr_50neg=0.5897 auc_pr=0.8640
======================================================================
======================================================================
Inductive WN18RR v4 | flow=up+down+lat
======================================================================
  Loaded entity text from entity2text.txt (40943 entries)
  GraIL WN18RR v4: train graph 3862 ent / 7940 edges | ind graph 7085 ent / 12334 support / 1429 test | 9 relations (shared)
Training for 100 epochs
  Entities: 3862
  Train triples: 7940
  Val triples:   934
  Device: cuda
Epoch   1/100 | mean loss 0.6632 | 2.6s
Epoch   2/100 | mean loss 0.3111 | 1.5s
Epoch   3/100 | mean loss 0.2187 | 1.5s
Epoch   4/100 | mean loss 0.1695 | 1.5s
Epoch   5/100 | mean loss 0.1368 | 1.5s
Epoch   6/100 | mean loss 0.1120 | 1.5s
  step    50 | loss 0.0903 | lp 0.0903 | struct 0.0000 | gate_bias -2.00
Epoch   7/100 | mean loss 0.0932 | 1.5s
Epoch   8/100 | mean loss 0.0806 | 1.5s
Epoch   9/100 | mean loss 0.0716 | 1.5s
Epoch  10/100 | mean loss 0.0643 | 1.5s
Epoch  11/100 | mean loss 0.0593 | 1.5s
Epoch  12/100 | mean loss 0.0543 | 1.5s
  step   100 | loss 0.0463 | lp 0.0463 | struct 0.0000 | gate_bias -2.00
Epoch  13/100 | mean loss 0.0504 | 1.5s
Epoch  14/100 | mean loss 0.0472 | 1.5s
Epoch  15/100 | mean loss 0.0439 | 1.4s
Epoch  16/100 | mean loss 0.0418 | 1.5s
Epoch  17/100 | mean loss 0.0400 | 1.5s
Epoch  18/100 | mean loss 0.0373 | 1.5s
  step   150 | loss 0.0340 | lp 0.0340 | struct 0.0000 | gate_bias -2.00
Epoch  19/100 | mean loss 0.0357 | 1.5s
Epoch  20/100 | mean loss 0.0343 | 1.5s
Epoch  21/100 | mean loss 0.0325 | 1.4s
Epoch  22/100 | mean loss 0.0309 | 1.5s
Epoch  23/100 | mean loss 0.0291 | 1.5s
Epoch  24/100 | mean loss 0.0284 | 1.5s
  step   200 | loss 0.0272 | lp 0.0272 | struct 0.0000 | gate_bias -2.00
  [eval] step 200 | MRR 0.1307 | H@1 0.0000 | H@10 0.4465
  [best] new best val MRR: 0.1307
Epoch  25/100 | mean loss 0.0277 | 2.8s
Epoch  26/100 | mean loss 0.0262 | 1.6s
Epoch  27/100 | mean loss 0.0249 | 1.5s
Epoch  28/100 | mean loss 0.0241 | 1.5s
Epoch  29/100 | mean loss 0.0236 | 1.5s
Epoch  30/100 | mean loss 0.0229 | 1.5s
Epoch  31/100 | mean loss 0.0219 | 1.5s
  step   250 | loss 0.0206 | lp 0.0206 | struct 0.0000 | gate_bias -2.00
Epoch  32/100 | mean loss 0.0213 | 1.5s
Epoch  33/100 | mean loss 0.0214 | 1.5s
Epoch  34/100 | mean loss 0.0204 | 1.5s
Epoch  35/100 | mean loss 0.0199 | 1.6s
Epoch  36/100 | mean loss 0.0192 | 1.6s
Epoch  37/100 | mean loss 0.0181 | 1.5s
  step   300 | loss 0.0179 | lp 0.0178 | struct 0.0000 | gate_bias -2.00
Epoch  38/100 | mean loss 0.0179 | 1.6s
Epoch  39/100 | mean loss 0.0174 | 1.5s
Epoch  40/100 | mean loss 0.0172 | 1.5s
Epoch  41/100 | mean loss 0.0174 | 1.5s
Epoch  42/100 | mean loss 0.0167 | 1.5s
Epoch  43/100 | mean loss 0.0164 | 1.5s
  step   350 | loss 0.0155 | lp 0.0154 | struct 0.0000 | gate_bias -2.00
Epoch  44/100 | mean loss 0.0157 | 1.5s
Epoch  45/100 | mean loss 0.0156 | 1.5s
Epoch  46/100 | mean loss 0.0158 | 1.5s
Epoch  47/100 | mean loss 0.0152 | 1.5s
Epoch  48/100 | mean loss 0.0144 | 1.5s
Epoch  49/100 | mean loss 0.0145 | 1.6s
  step   400 | loss 0.0150 | lp 0.0150 | struct 0.0000 | gate_bias -2.00
  [eval] step 400 | MRR 0.1608 | H@1 0.0000 | H@10 0.5567
  [best] new best val MRR: 0.1608
Epoch  50/100 | mean loss 0.0146 | 3.0s
Epoch  51/100 | mean loss 0.0142 | 1.6s
Epoch  52/100 | mean loss 0.0141 | 1.6s
Epoch  53/100 | mean loss 0.0138 | 1.5s
Epoch  54/100 | mean loss 0.0141 | 1.5s
Epoch  55/100 | mean loss 0.0131 | 1.5s
Epoch  56/100 | mean loss 0.0131 | 1.5s
  step   450 | loss 0.0126 | lp 0.0126 | struct 0.0000 | gate_bias -2.00
Epoch  57/100 | mean loss 0.0129 | 1.5s
Epoch  58/100 | mean loss 0.0125 | 1.5s
Epoch  59/100 | mean loss 0.0125 | 1.5s
Epoch  60/100 | mean loss 0.0123 | 1.5s
Epoch  61/100 | mean loss 0.0121 | 1.5s
Epoch  62/100 | mean loss 0.0121 | 1.6s
  step   500 | loss 0.0116 | lp 0.0116 | struct 0.0000 | gate_bias -2.00
Epoch  63/100 | mean loss 0.0121 | 1.6s
Epoch  64/100 | mean loss 0.0117 | 1.6s
Epoch  65/100 | mean loss 0.0114 | 1.5s
Epoch  66/100 | mean loss 0.0112 | 1.5s
Epoch  67/100 | mean loss 0.0114 | 1.5s
Epoch  68/100 | mean loss 0.0109 | 1.5s
  step   550 | loss 0.0118 | lp 0.0118 | struct 0.0000 | gate_bias -1.90
Epoch  69/100 | mean loss 0.0113 | 1.5s
Epoch  70/100 | mean loss 0.0105 | 1.5s
Epoch  71/100 | mean loss 0.0110 | 1.5s
Epoch  72/100 | mean loss 0.0107 | 1.5s
Epoch  73/100 | mean loss 0.0106 | 1.5s
Epoch  74/100 | mean loss 0.0108 | 1.5s
  step   600 | loss 0.0107 | lp 0.0107 | struct 0.0000 | gate_bias -1.80
  [eval] step 600 | MRR 0.1727 | H@1 0.0000 | H@10 0.5867
  [best] new best val MRR: 0.1727
Epoch  75/100 | mean loss 0.0105 | 2.8s
Epoch  76/100 | mean loss 0.0105 | 1.6s
Epoch  77/100 | mean loss 0.0104 | 1.6s
Epoch  78/100 | mean loss 0.0104 | 1.6s
Epoch  79/100 | mean loss 0.0101 | 1.5s
Epoch  80/100 | mean loss 0.0099 | 1.5s
Epoch  81/100 | mean loss 0.0099 | 1.5s
  step   650 | loss 0.0097 | lp 0.0097 | struct 0.0000 | gate_bias -1.70
Epoch  82/100 | mean loss 0.0096 | 1.5s
Epoch  83/100 | mean loss 0.0097 | 1.5s
Epoch  84/100 | mean loss 0.0098 | 1.5s
Epoch  85/100 | mean loss 0.0095 | 1.5s
Epoch  86/100 | mean loss 0.0097 | 1.5s
Epoch  87/100 | mean loss 0.0096 | 1.6s
  step   700 | loss 0.0089 | lp 0.0089 | struct 0.0000 | gate_bias -1.60
Epoch  88/100 | mean loss 0.0092 | 1.8s
Epoch  89/100 | mean loss 0.0094 | 1.6s
Epoch  90/100 | mean loss 0.0094 | 1.6s
Epoch  91/100 | mean loss 0.0091 | 1.5s
Epoch  92/100 | mean loss 0.0088 | 1.5s
Epoch  93/100 | mean loss 0.0091 | 1.5s
  step   750 | loss 0.0105 | lp 0.0105 | struct 0.0000 | gate_bias -1.50
Epoch  94/100 | mean loss 0.0091 | 1.5s
Epoch  95/100 | mean loss 0.0090 | 1.5s
Epoch  96/100 | mean loss 0.0089 | 1.5s
Epoch  97/100 | mean loss 0.0090 | 1.5s
Epoch  98/100 | mean loss 0.0087 | 1.5s
Epoch  99/100 | mean loss 0.0086 | 1.5s
  step   800 | loss 0.0084 | lp 0.0084 | struct 0.0000 | gate_bias -1.40
  [eval] step 800 | MRR 0.1813 | H@1 0.0000 | H@10 0.6231
  [best] new best val MRR: 0.1813
Epoch 100/100 | mean loss 0.0083 | 2.8s

Inductive v4 — filtered (rank vs all entities):
  mrr: 0.0734
  hits@1: 0.0000
  hits@3: 0.0833
  hits@10: 0.2365
Inductive v4 — GraIL (vs 50 negatives):
  hits@10_50neg: 0.8488
  mrr_50neg: 0.6221
  auc_pr: 0.8923
  n: 1429.0000

RESULT | inductive version=v4 | flow=up+down+lat | embed=all-mpnet-base-v2 | mrr=0.0734 h@1=0.0000 h@3=0.0833 h@10=0.2365
GRAIL  | inductive version=v4 | flow=up+down+lat | embed=all-mpnet-base-v2 | hits@10_50neg=0.8488 mrr_50neg=0.6221 auc_pr=0.8923
======================================================================
