VERSION=all  FLOW=up  FLOW_FLAGS=<none>
======================================================================
Inductive WN18RR v1 | flow=up
======================================================================
  Loaded entity text from entity2text.txt (40943 entries)
  GraIL WN18RR v1: train graph 2747 ent / 5410 edges | ind graph 923 ent / 1618 support / 188 test | 9 relations (shared)
Training for 100 epochs
  Entities: 2747
  Train triples: 5410
  Val triples:   630
  Device: cuda
Epoch   1/100 | mean loss 0.7872 | 1.3s
Epoch   2/100 | mean loss 0.3885 | 0.7s
Epoch   3/100 | mean loss 0.2909 | 0.7s
Epoch   4/100 | mean loss 0.2191 | 0.7s
Epoch   5/100 | mean loss 0.1838 | 0.7s
Epoch   6/100 | mean loss 0.1581 | 0.7s
Epoch   7/100 | mean loss 0.1382 | 0.7s
Epoch   8/100 | mean loss 0.1190 | 0.7s
  step    50 | loss 0.1077 | lp 0.1077 | struct 0.0000 | gate_bias -2.00
Epoch   9/100 | mean loss 0.1035 | 0.7s
Epoch  10/100 | mean loss 0.0924 | 0.7s
Epoch  11/100 | mean loss 0.0858 | 0.8s
Epoch  12/100 | mean loss 0.0771 | 0.7s
Epoch  13/100 | mean loss 0.0698 | 0.7s
Epoch  14/100 | mean loss 0.0663 | 0.7s
Epoch  15/100 | mean loss 0.0603 | 0.7s
Epoch  16/100 | mean loss 0.0593 | 0.7s
  step   100 | loss 0.0498 | lp 0.0498 | struct 0.0000 | gate_bias -2.00
Epoch  17/100 | mean loss 0.0528 | 0.7s
Epoch  18/100 | mean loss 0.0500 | 0.7s
Epoch  19/100 | mean loss 0.0487 | 0.7s
Epoch  20/100 | mean loss 0.0459 | 0.7s
Epoch  21/100 | mean loss 0.0445 | 0.7s
Epoch  22/100 | mean loss 0.0418 | 0.7s
Epoch  23/100 | mean loss 0.0405 | 0.7s
Epoch  24/100 | mean loss 0.0385 | 0.7s
  step   150 | loss 0.0399 | lp 0.0399 | struct 0.0000 | gate_bias -2.00
Epoch  25/100 | mean loss 0.0371 | 0.7s
Epoch  26/100 | mean loss 0.0351 | 0.7s
Epoch  27/100 | mean loss 0.0343 | 0.7s
Epoch  28/100 | mean loss 0.0321 | 0.7s
Epoch  29/100 | mean loss 0.0319 | 0.7s
Epoch  30/100 | mean loss 0.0312 | 0.7s
Epoch  31/100 | mean loss 0.0301 | 0.7s
Epoch  32/100 | mean loss 0.0295 | 0.7s
Epoch  33/100 | mean loss 0.0294 | 0.7s
  step   200 | loss 0.0260 | lp 0.0260 | struct 0.0000 | gate_bias -2.00
  [eval] step 200 | MRR 0.1305 | H@1 0.0000 | H@10 0.4222
  [best] new best val MRR: 0.1305
Epoch  34/100 | mean loss 0.0272 | 1.5s
Epoch  35/100 | mean loss 0.0260 | 0.7s
Epoch  36/100 | mean loss 0.0267 | 0.7s
Epoch  37/100 | mean loss 0.0252 | 0.7s
Epoch  38/100 | mean loss 0.0247 | 0.7s
Epoch  39/100 | mean loss 0.0236 | 0.7s
Epoch  40/100 | mean loss 0.0236 | 0.7s
Epoch  41/100 | mean loss 0.0226 | 0.7s
  step   250 | loss 0.0230 | lp 0.0230 | struct 0.0000 | gate_bias -2.00
Epoch  42/100 | mean loss 0.0216 | 0.7s
Epoch  43/100 | mean loss 0.0217 | 0.7s
Epoch  44/100 | mean loss 0.0213 | 0.7s
Epoch  45/100 | mean loss 0.0223 | 0.7s
Epoch  46/100 | mean loss 0.0208 | 0.7s
Epoch  47/100 | mean loss 0.0200 | 0.7s
Epoch  48/100 | mean loss 0.0197 | 0.7s
Epoch  49/100 | mean loss 0.0199 | 0.7s
  step   300 | loss 0.0193 | lp 0.0193 | struct 0.0000 | gate_bias -2.00
Epoch  50/100 | mean loss 0.0193 | 0.7s
Epoch  51/100 | mean loss 0.0194 | 0.7s
Epoch  52/100 | mean loss 0.0188 | 0.7s
Epoch  53/100 | mean loss 0.0184 | 0.7s
Epoch  54/100 | mean loss 0.0184 | 0.7s
Epoch  55/100 | mean loss 0.0179 | 0.7s
Epoch  56/100 | mean loss 0.0169 | 0.7s
Epoch  57/100 | mean loss 0.0171 | 0.7s
Epoch  58/100 | mean loss 0.0171 | 0.7s
  step   350 | loss 0.0168 | lp 0.0168 | struct 0.0000 | gate_bias -2.00
Epoch  59/100 | mean loss 0.0168 | 0.7s
Epoch  60/100 | mean loss 0.0162 | 0.7s
Epoch  61/100 | mean loss 0.0158 | 0.7s
Epoch  62/100 | mean loss 0.0160 | 0.7s
Epoch  63/100 | mean loss 0.0163 | 0.7s
Epoch  64/100 | mean loss 0.0154 | 0.7s
Epoch  65/100 | mean loss 0.0157 | 0.7s
Epoch  66/100 | mean loss 0.0154 | 0.7s
  step   400 | loss 0.0147 | lp 0.0146 | struct 0.0000 | gate_bias -2.00
  [eval] step 400 | MRR 0.1616 | H@1 0.0000 | H@10 0.5429
  [best] new best val MRR: 0.1616
Epoch  67/100 | mean loss 0.0155 | 1.5s
Epoch  68/100 | mean loss 0.0155 | 0.7s
Epoch  69/100 | mean loss 0.0150 | 0.7s
Epoch  70/100 | mean loss 0.0146 | 0.7s
Epoch  71/100 | mean loss 0.0148 | 0.7s
Epoch  72/100 | mean loss 0.0145 | 0.7s
Epoch  73/100 | mean loss 0.0137 | 0.7s
Epoch  74/100 | mean loss 0.0140 | 0.7s
  step   450 | loss 0.0158 | lp 0.0158 | struct 0.0000 | gate_bias -2.00
Epoch  75/100 | mean loss 0.0143 | 0.7s
Epoch  76/100 | mean loss 0.0133 | 0.7s
Epoch  77/100 | mean loss 0.0133 | 0.7s
Epoch  78/100 | mean loss 0.0133 | 0.7s
Epoch  79/100 | mean loss 0.0137 | 0.7s
Epoch  80/100 | mean loss 0.0133 | 0.7s
Epoch  81/100 | mean loss 0.0135 | 0.7s
Epoch  82/100 | mean loss 0.0131 | 0.7s
Epoch  83/100 | mean loss 0.0128 | 0.7s
  step   500 | loss 0.0129 | lp 0.0129 | struct 0.0000 | gate_bias -2.00
Epoch  84/100 | mean loss 0.0127 | 0.7s
Epoch  85/100 | mean loss 0.0131 | 0.7s
Epoch  86/100 | mean loss 0.0124 | 0.7s
Epoch  87/100 | mean loss 0.0123 | 0.7s
Epoch  88/100 | mean loss 0.0124 | 0.7s
Epoch  89/100 | mean loss 0.0122 | 0.7s
Epoch  90/100 | mean loss 0.0122 | 0.7s
Epoch  91/100 | mean loss 0.0118 | 0.7s
  step   550 | loss 0.0116 | lp 0.0116 | struct 0.0000 | gate_bias -1.90
Epoch  92/100 | mean loss 0.0121 | 0.7s
Epoch  93/100 | mean loss 0.0115 | 0.7s
Epoch  94/100 | mean loss 0.0122 | 0.7s
Epoch  95/100 | mean loss 0.0114 | 0.7s
Epoch  96/100 | mean loss 0.0117 | 0.7s
Epoch  97/100 | mean loss 0.0115 | 0.7s
Epoch  98/100 | mean loss 0.0113 | 0.7s
Epoch  99/100 | mean loss 0.0112 | 0.7s
  step   600 | loss 0.0112 | lp 0.0112 | struct 0.0000 | gate_bias -1.80
  [eval] step 600 | MRR 0.1773 | H@1 0.0000 | H@10 0.5857
  [best] new best val MRR: 0.1773
Epoch 100/100 | mean loss 0.0116 | 1.5s

Inductive v1 — filtered (rank vs all entities):
  mrr: 0.0854
  hits@1: 0.0000
  hits@3: 0.0798
  hits@10: 0.2819
Inductive v1 — GraIL (vs 50 negatives):
  hits@10_50neg: 0.7447
  mrr_50neg: 0.4483
  auc_pr: 0.8086
  n: 188.0000

RESULT | inductive version=v1 | flow=up | embed=all-mpnet-base-v2 | mrr=0.0854 h@1=0.0000 h@3=0.0798 h@10=0.2819
GRAIL  | inductive version=v1 | flow=up | embed=all-mpnet-base-v2 | hits@10_50neg=0.7447 mrr_50neg=0.4483 auc_pr=0.8086
======================================================================
======================================================================
Inductive WN18RR v2 | flow=up
======================================================================
  Loaded entity text from entity2text.txt (40943 entries)
  GraIL WN18RR v2: train graph 6955 ent / 15262 edges | ind graph 2758 ent / 4011 support / 441 test | 10 relations (shared)
Training for 100 epochs
  Entities: 6955
  Train triples: 15262
  Val triples:   1838
  Device: cuda
Epoch   1/100 | mean loss 0.5689 | 2.2s
Epoch   2/100 | mean loss 0.2410 | 1.9s
Epoch   3/100 | mean loss 0.1519 | 1.9s
  step    50 | loss 0.1186 | lp 0.1185 | struct 0.0000 | gate_bias -2.00
Epoch   4/100 | mean loss 0.1176 | 2.1s
Epoch   5/100 | mean loss 0.0996 | 1.9s
Epoch   6/100 | mean loss 0.0872 | 1.9s
  step   100 | loss 0.0862 | lp 0.0862 | struct 0.0000 | gate_bias -2.00
Epoch   7/100 | mean loss 0.0800 | 1.9s
Epoch   8/100 | mean loss 0.0728 | 1.9s
Epoch   9/100 | mean loss 0.0691 | 1.9s
  step   150 | loss 0.0690 | lp 0.0690 | struct 0.0000 | gate_bias -2.00
Epoch  10/100 | mean loss 0.0650 | 1.9s
Epoch  11/100 | mean loss 0.0626 | 1.9s
Epoch  12/100 | mean loss 0.0585 | 1.9s
Epoch  13/100 | mean loss 0.0558 | 1.9s
  step   200 | loss 0.0525 | lp 0.0525 | struct 0.0000 | gate_bias -2.00
  [eval] step 200 | MRR 0.1029 | H@1 0.0000 | H@10 0.3112
  [best] new best val MRR: 0.1029
Epoch  14/100 | mean loss 0.0535 | 4.2s
Epoch  15/100 | mean loss 0.0517 | 1.9s
Epoch  16/100 | mean loss 0.0501 | 1.9s
  step   250 | loss 0.0501 | lp 0.0501 | struct 0.0000 | gate_bias -2.00
Epoch  17/100 | mean loss 0.0484 | 1.9s
Epoch  18/100 | mean loss 0.0470 | 1.9s
Epoch  19/100 | mean loss 0.0458 | 1.9s
  step   300 | loss 0.0471 | lp 0.0471 | struct 0.0000 | gate_bias -2.00
Epoch  20/100 | mean loss 0.0440 | 1.9s
Epoch  21/100 | mean loss 0.0425 | 1.9s
Epoch  22/100 | mean loss 0.0417 | 1.9s
Epoch  23/100 | mean loss 0.0406 | 1.9s
  step   350 | loss 0.0399 | lp 0.0399 | struct 0.0000 | gate_bias -2.00
Epoch  24/100 | mean loss 0.0395 | 1.9s
Epoch  25/100 | mean loss 0.0392 | 1.9s
Epoch  26/100 | mean loss 0.0383 | 1.9s
  step   400 | loss 0.0375 | lp 0.0375 | struct 0.0000 | gate_bias -2.00
  [eval] step 400 | MRR 0.1109 | H@1 0.0000 | H@10 0.3558
  [best] new best val MRR: 0.1109
Epoch  27/100 | mean loss 0.0373 | 4.2s
Epoch  28/100 | mean loss 0.0365 | 1.9s
Epoch  29/100 | mean loss 0.0352 | 1.9s
  step   450 | loss 0.0366 | lp 0.0366 | struct 0.0000 | gate_bias -2.00
Epoch  30/100 | mean loss 0.0348 | 1.9s
Epoch  31/100 | mean loss 0.0346 | 1.9s
Epoch  32/100 | mean loss 0.0338 | 1.9s
Epoch  33/100 | mean loss 0.0324 | 1.9s
  step   500 | loss 0.0323 | lp 0.0323 | struct 0.0000 | gate_bias -2.00
Epoch  34/100 | mean loss 0.0324 | 1.9s
Epoch  35/100 | mean loss 0.0319 | 1.9s
Epoch  36/100 | mean loss 0.0312 | 1.9s
  step   550 | loss 0.0301 | lp 0.0301 | struct 0.0000 | gate_bias -1.90
Epoch  37/100 | mean loss 0.0310 | 1.9s
Epoch  38/100 | mean loss 0.0302 | 1.9s
Epoch  39/100 | mean loss 0.0297 | 1.9s
  step   600 | loss 0.0334 | lp 0.0334 | struct 0.0000 | gate_bias -1.80
  [eval] step 600 | MRR 0.1191 | H@1 0.0000 | H@10 0.3890
  [best] new best val MRR: 0.1191
Epoch  40/100 | mean loss 0.0297 | 4.2s
Epoch  41/100 | mean loss 0.0290 | 1.9s
Epoch  42/100 | mean loss 0.0286 | 1.9s
Epoch  43/100 | mean loss 0.0280 | 1.9s
  step   650 | loss 0.0268 | lp 0.0268 | struct 0.0000 | gate_bias -1.70
Epoch  44/100 | mean loss 0.0275 | 1.9s
Epoch  45/100 | mean loss 0.0270 | 1.9s
Epoch  46/100 | mean loss 0.0272 | 1.9s
  step   700 | loss 0.0293 | lp 0.0293 | struct 0.0000 | gate_bias -1.60
Epoch  47/100 | mean loss 0.0266 | 1.9s
Epoch  48/100 | mean loss 0.0261 | 1.9s
Epoch  49/100 | mean loss 0.0258 | 1.9s
  step   750 | loss 0.0297 | lp 0.0297 | struct 0.0000 | gate_bias -1.50
Epoch  50/100 | mean loss 0.0252 | 1.9s
Epoch  51/100 | mean loss 0.0253 | 1.9s
Epoch  52/100 | mean loss 0.0248 | 2.0s
Epoch  53/100 | mean loss 0.0246 | 1.9s
  step   800 | loss 0.0233 | lp 0.0233 | struct 0.0000 | gate_bias -1.40
  [eval] step 800 | MRR 0.1232 | H@1 0.0000 | H@10 0.4081
  [best] new best val MRR: 0.1232
Epoch  54/100 | mean loss 0.0239 | 4.2s
Epoch  55/100 | mean loss 0.0238 | 1.9s
Epoch  56/100 | mean loss 0.0235 | 1.9s
  step   850 | loss 0.0239 | lp 0.0239 | struct 0.0000 | gate_bias -1.30
Epoch  57/100 | mean loss 0.0237 | 1.9s
Epoch  58/100 | mean loss 0.0230 | 1.9s
Epoch  59/100 | mean loss 0.0230 | 1.9s
  step   900 | loss 0.0255 | lp 0.0254 | struct 0.0000 | gate_bias -1.20
Epoch  60/100 | mean loss 0.0229 | 1.9s
Epoch  61/100 | mean loss 0.0223 | 1.9s
Epoch  62/100 | mean loss 0.0220 | 1.9s
Epoch  63/100 | mean loss 0.0219 | 1.9s
  step   950 | loss 0.0193 | lp 0.0193 | struct 0.0000 | gate_bias -1.10
Epoch  64/100 | mean loss 0.0218 | 1.9s
Epoch  65/100 | mean loss 0.0214 | 2.0s
Epoch  66/100 | mean loss 0.0213 | 1.9s
  step  1000 | loss 0.0218 | lp 0.0218 | struct 0.0000 | gate_bias -1.00
  [eval] step 1000 | MRR 0.1295 | H@1 0.0000 | H@10 0.4184
  [best] new best val MRR: 0.1295
Epoch  67/100 | mean loss 0.0207 | 4.3s
Epoch  68/100 | mean loss 0.0204 | 1.9s
Epoch  69/100 | mean loss 0.0202 | 1.9s
  step  1050 | loss 0.0220 | lp 0.0220 | struct 0.0000 | gate_bias -0.90
Epoch  70/100 | mean loss 0.0204 | 1.9s
Epoch  71/100 | mean loss 0.0202 | 1.9s
Epoch  72/100 | mean loss 0.0195 | 1.9s
Epoch  73/100 | mean loss 0.0197 | 1.9s
  step  1100 | loss 0.0183 | lp 0.0183 | struct 0.0000 | gate_bias -0.80
Epoch  74/100 | mean loss 0.0194 | 1.9s
Epoch  75/100 | mean loss 0.0189 | 1.9s
Epoch  76/100 | mean loss 0.0187 | 1.9s
  step  1150 | loss 0.0191 | lp 0.0191 | struct 0.0000 | gate_bias -0.70
Epoch  77/100 | mean loss 0.0184 | 1.9s
Epoch  78/100 | mean loss 0.0189 | 1.9s
Epoch  79/100 | mean loss 0.0194 | 2.0s
  step  1200 | loss 0.0205 | lp 0.0205 | struct 0.0000 | gate_bias -0.60
  [eval] step 1200 | MRR 0.1359 | H@1 0.0000 | H@10 0.4450
  [best] new best val MRR: 0.1359
Epoch  80/100 | mean loss 0.0187 | 4.2s
Epoch  81/100 | mean loss 0.0182 | 2.0s
Epoch  82/100 | mean loss 0.0180 | 2.0s
Epoch  83/100 | mean loss 0.0177 | 2.0s
  step  1250 | loss 0.0172 | lp 0.0172 | struct 0.0000 | gate_bias -0.50
Epoch  84/100 | mean loss 0.0177 | 2.0s
Epoch  85/100 | mean loss 0.0178 | 1.9s
Epoch  86/100 | mean loss 0.0172 | 2.0s
  step  1300 | loss 0.0192 | lp 0.0192 | struct 0.0000 | gate_bias -0.40
Epoch  87/100 | mean loss 0.0170 | 1.9s
Epoch  88/100 | mean loss 0.0167 | 2.0s
Epoch  89/100 | mean loss 0.0167 | 2.0s
  step  1350 | loss 0.0169 | lp 0.0169 | struct 0.0000 | gate_bias -0.30
Epoch  90/100 | mean loss 0.0165 | 2.0s
Epoch  91/100 | mean loss 0.0164 | 2.0s
Epoch  92/100 | mean loss 0.0163 | 2.0s
Epoch  93/100 | mean loss 0.0158 | 2.0s
  step  1400 | loss 0.0148 | lp 0.0148 | struct 0.0000 | gate_bias -0.20
  [eval] step 1400 | MRR 0.1360 | H@1 0.0000 | H@10 0.4516
  [best] new best val MRR: 0.1360
Epoch  94/100 | mean loss 0.0162 | 4.5s
Epoch  95/100 | mean loss 0.0160 | 2.0s
Epoch  96/100 | mean loss 0.0157 | 2.0s
  step  1450 | loss 0.0160 | lp 0.0160 | struct 0.0000 | gate_bias -0.10
Epoch  97/100 | mean loss 0.0155 | 2.0s
Epoch  98/100 | mean loss 0.0153 | 2.0s
Epoch  99/100 | mean loss 0.0156 | 2.0s
  step  1500 | loss 0.0152 | lp 0.0152 | struct 0.0000 | gate_bias 0.00
Epoch 100/100 | mean loss 0.0152 | 2.0s

Inductive v2 — filtered (rank vs all entities):
  mrr: 0.1318
  hits@1: 0.0000
  hits@3: 0.1791
  hits@10: 0.4059
Inductive v2 — GraIL (vs 50 negatives):
  hits@10_50neg: 0.8889
  mrr_50neg: 0.6907
  auc_pr: 0.8599
  n: 441.0000

RESULT | inductive version=v2 | flow=up | embed=all-mpnet-base-v2 | mrr=0.1318 h@1=0.0000 h@3=0.1791 h@10=0.4059
GRAIL  | inductive version=v2 | flow=up | embed=all-mpnet-base-v2 | hits@10_50neg=0.8889 mrr_50neg=0.6907 auc_pr=0.8599
======================================================================
======================================================================
Inductive WN18RR v3 | flow=up
======================================================================
  Loaded entity text from entity2text.txt (40943 entries)
  GraIL WN18RR v3: train graph 12079 ent / 25901 edges | ind graph 5085 ent / 6327 support / 605 test | 11 relations (shared)
Training for 100 epochs
  Entities: 12079
  Train triples: 25901
  Val triples:   3097
  Device: cuda
Epoch   1/100 | mean loss 0.4324 | 7.1s
  step    50 | loss 0.1464 | lp 0.1464 | struct 0.0000 | gate_bias -2.00
Epoch   2/100 | mean loss 0.1700 | 6.7s
Epoch   3/100 | mean loss 0.1176 | 6.6s
  step   100 | loss 0.0972 | lp 0.0972 | struct 0.0000 | gate_bias -2.00
Epoch   4/100 | mean loss 0.0978 | 6.7s
Epoch   5/100 | mean loss 0.0859 | 6.6s
  step   150 | loss 0.0759 | lp 0.0759 | struct 0.0000 | gate_bias -2.00
Epoch   6/100 | mean loss 0.0789 | 6.7s
Epoch   7/100 | mean loss 0.0742 | 6.6s
  step   200 | loss 0.0718 | lp 0.0718 | struct 0.0000 | gate_bias -2.00
  [eval] step 200 | MRR 0.0925 | H@1 0.0000 | H@10 0.2803
  [best] new best val MRR: 0.0925
Epoch   8/100 | mean loss 0.0703 | 10.8s
Epoch   9/100 | mean loss 0.0660 | 6.6s
  step   250 | loss 0.0574 | lp 0.0574 | struct 0.0000 | gate_bias -2.00
Epoch  10/100 | mean loss 0.0632 | 6.7s
Epoch  11/100 | mean loss 0.0603 | 6.6s
  step   300 | loss 0.0579 | lp 0.0579 | struct 0.0000 | gate_bias -2.00
Epoch  12/100 | mean loss 0.0582 | 6.7s
Epoch  13/100 | mean loss 0.0570 | 6.6s
  step   350 | loss 0.0523 | lp 0.0523 | struct 0.0000 | gate_bias -2.00
Epoch  14/100 | mean loss 0.0557 | 6.7s
Epoch  15/100 | mean loss 0.0535 | 6.6s
  step   400 | loss 0.0499 | lp 0.0499 | struct 0.0000 | gate_bias -2.00
  [eval] step 400 | MRR 0.1086 | H@1 0.0000 | H@10 0.3348
  [best] new best val MRR: 0.1086
Epoch  16/100 | mean loss 0.0520 | 10.6s
Epoch  17/100 | mean loss 0.0504 | 6.6s
  step   450 | loss 0.0444 | lp 0.0444 | struct 0.0000 | gate_bias -2.00
Epoch  18/100 | mean loss 0.0495 | 6.7s
Epoch  19/100 | mean loss 0.0480 | 6.6s
  step   500 | loss 0.0414 | lp 0.0414 | struct 0.0000 | gate_bias -2.00
Epoch  20/100 | mean loss 0.0470 | 6.7s
Epoch  21/100 | mean loss 0.0459 | 6.6s
  step   550 | loss 0.0437 | lp 0.0437 | struct 0.0000 | gate_bias -1.90
Epoch  22/100 | mean loss 0.0457 | 6.7s
Epoch  23/100 | mean loss 0.0433 | 6.6s
  step   600 | loss 0.0409 | lp 0.0409 | struct 0.0000 | gate_bias -1.80
  [eval] step 600 | MRR 0.1112 | H@1 0.0000 | H@10 0.3452
  [best] new best val MRR: 0.1112
Epoch  24/100 | mean loss 0.0426 | 10.6s
  step   650 | loss 0.0473 | lp 0.0473 | struct 0.0000 | gate_bias -1.70
Epoch  25/100 | mean loss 0.0420 | 6.8s
Epoch  26/100 | mean loss 0.0414 | 6.6s
  step   700 | loss 0.0478 | lp 0.0478 | struct 0.0000 | gate_bias -1.60
Epoch  27/100 | mean loss 0.0401 | 6.7s
Epoch  28/100 | mean loss 0.0397 | 6.6s
  step   750 | loss 0.0394 | lp 0.0394 | struct 0.0000 | gate_bias -1.50
Epoch  29/100 | mean loss 0.0389 | 6.7s
Epoch  30/100 | mean loss 0.0379 | 6.6s
  step   800 | loss 0.0368 | lp 0.0368 | struct 0.0000 | gate_bias -1.40
  [eval] step 800 | MRR 0.1197 | H@1 0.0000 | H@10 0.3765
  [best] new best val MRR: 0.1197
Epoch  31/100 | mean loss 0.0375 | 10.8s
Epoch  32/100 | mean loss 0.0367 | 6.6s
  step   850 | loss 0.0374 | lp 0.0374 | struct 0.0000 | gate_bias -1.30
Epoch  33/100 | mean loss 0.0361 | 6.7s
Epoch  34/100 | mean loss 0.0358 | 6.6s
  step   900 | loss 0.0387 | lp 0.0387 | struct 0.0000 | gate_bias -1.20
Epoch  35/100 | mean loss 0.0354 | 6.7s
Epoch  36/100 | mean loss 0.0344 | 6.6s
  step   950 | loss 0.0329 | lp 0.0329 | struct 0.0000 | gate_bias -1.10
Epoch  37/100 | mean loss 0.0342 | 6.7s
Epoch  38/100 | mean loss 0.0335 | 6.6s
  step  1000 | loss 0.0301 | lp 0.0301 | struct 0.0000 | gate_bias -1.00
  [eval] step 1000 | MRR 0.1214 | H@1 0.0000 | H@10 0.3871
  [best] new best val MRR: 0.1214
Epoch  39/100 | mean loss 0.0336 | 10.6s
Epoch  40/100 | mean loss 0.0326 | 6.6s
  step  1050 | loss 0.0299 | lp 0.0299 | struct 0.0000 | gate_bias -0.90
Epoch  41/100 | mean loss 0.0318 | 6.7s
Epoch  42/100 | mean loss 0.0315 | 6.6s
  step  1100 | loss 0.0288 | lp 0.0288 | struct 0.0000 | gate_bias -0.80
Epoch  43/100 | mean loss 0.0306 | 6.7s
Epoch  44/100 | mean loss 0.0304 | 6.6s
  step  1150 | loss 0.0271 | lp 0.0271 | struct 0.0000 | gate_bias -0.70
Epoch  45/100 | mean loss 0.0305 | 6.7s
Epoch  46/100 | mean loss 0.0299 | 6.6s
  step  1200 | loss 0.0263 | lp 0.0263 | struct 0.0000 | gate_bias -0.60
  [eval] step 1200 | MRR 0.1222 | H@1 0.0000 | H@10 0.3830
  [best] new best val MRR: 0.1222
Epoch  47/100 | mean loss 0.0293 | 10.6s
Epoch  48/100 | mean loss 0.0287 | 6.6s
  step  1250 | loss 0.0252 | lp 0.0252 | struct 0.0000 | gate_bias -0.50
Epoch  49/100 | mean loss 0.0281 | 6.7s
  step  1300 | loss 0.0332 | lp 0.0332 | struct 0.0000 | gate_bias -0.40
Epoch  50/100 | mean loss 0.0285 | 6.8s
Epoch  51/100 | mean loss 0.0275 | 6.6s
  step  1350 | loss 0.0309 | lp 0.0308 | struct 0.0000 | gate_bias -0.30
Epoch  52/100 | mean loss 0.0270 | 6.7s
Epoch  53/100 | mean loss 0.0273 | 6.6s
  step  1400 | loss 0.0300 | lp 0.0300 | struct 0.0000 | gate_bias -0.20
  [eval] step 1400 | MRR 0.1225 | H@1 0.0000 | H@10 0.3926
  [best] new best val MRR: 0.1225
Epoch  54/100 | mean loss 0.0267 | 10.8s
Epoch  55/100 | mean loss 0.0257 | 6.6s
  step  1450 | loss 0.0282 | lp 0.0282 | struct 0.0000 | gate_bias -0.10
Epoch  56/100 | mean loss 0.0256 | 6.7s
Epoch  57/100 | mean loss 0.0254 | 6.6s
  step  1500 | loss 0.0260 | lp 0.0260 | struct 0.0000 | gate_bias 0.00
Epoch  58/100 | mean loss 0.0251 | 6.7s
Epoch  59/100 | mean loss 0.0248 | 6.6s
  step  1550 | loss 0.0242 | lp 0.0242 | struct 0.0000 | gate_bias 0.00
Epoch  60/100 | mean loss 0.0247 | 6.7s
Epoch  61/100 | mean loss 0.0243 | 6.6s
  step  1600 | loss 0.0241 | lp 0.0241 | struct 0.0000 | gate_bias 0.00
  [eval] step 1600 | MRR 0.1262 | H@1 0.0000 | H@10 0.4020
  [best] new best val MRR: 0.1262
Epoch  62/100 | mean loss 0.0237 | 10.6s
Epoch  63/100 | mean loss 0.0235 | 6.6s
  step  1650 | loss 0.0226 | lp 0.0226 | struct 0.0000 | gate_bias 0.00
Epoch  64/100 | mean loss 0.0233 | 6.7s
Epoch  65/100 | mean loss 0.0236 | 6.6s
  step  1700 | loss 0.0230 | lp 0.0230 | struct 0.0000 | gate_bias 0.00
Epoch  66/100 | mean loss 0.0234 | 6.7s
Epoch  67/100 | mean loss 0.0227 | 6.6s
  step  1750 | loss 0.0214 | lp 0.0214 | struct 0.0000 | gate_bias 0.00
Epoch  68/100 | mean loss 0.0221 | 6.7s
Epoch  69/100 | mean loss 0.0219 | 6.6s
  step  1800 | loss 0.0214 | lp 0.0213 | struct 0.0000 | gate_bias 0.00
  [eval] step 1800 | MRR 0.1210 | H@1 0.0000 | H@10 0.3865
Epoch  70/100 | mean loss 0.0216 | 10.7s
Epoch  71/100 | mean loss 0.0213 | 6.6s
  step  1850 | loss 0.0187 | lp 0.0187 | struct 0.0000 | gate_bias 0.00
Epoch  72/100 | mean loss 0.0214 | 6.7s
Epoch  73/100 | mean loss 0.0212 | 6.6s
  step  1900 | loss 0.0201 | lp 0.0201 | struct 0.0000 | gate_bias 0.00
Epoch  74/100 | mean loss 0.0209 | 6.7s
  step  1950 | loss 0.0229 | lp 0.0229 | struct 0.0000 | gate_bias 0.00
Epoch  75/100 | mean loss 0.0210 | 6.8s
Epoch  76/100 | mean loss 0.0204 | 6.6s
  step  2000 | loss 0.0195 | lp 0.0195 | struct 0.0000 | gate_bias 0.00
  [eval] step 2000 | MRR 0.1215 | H@1 0.0000 | H@10 0.4039
Epoch  77/100 | mean loss 0.0201 | 10.8s
Epoch  78/100 | mean loss 0.0200 | 6.6s
  step  2050 | loss 0.0211 | lp 0.0211 | struct 0.0000 | gate_bias 0.00
Epoch  79/100 | mean loss 0.0201 | 6.7s
Epoch  80/100 | mean loss 0.0197 | 6.6s
  step  2100 | loss 0.0196 | lp 0.0196 | struct 0.0000 | gate_bias 0.00
Epoch  81/100 | mean loss 0.0194 | 6.7s
Epoch  82/100 | mean loss 0.0191 | 6.7s
  step  2150 | loss 0.0186 | lp 0.0186 | struct 0.0000 | gate_bias 0.00
Epoch  83/100 | mean loss 0.0188 | 6.7s
Epoch  84/100 | mean loss 0.0185 | 6.6s
  step  2200 | loss 0.0175 | lp 0.0175 | struct 0.0000 | gate_bias 0.00
  [eval] step 2200 | MRR 0.1293 | H@1 0.0000 | H@10 0.4298
  [best] new best val MRR: 0.1293
Epoch  85/100 | mean loss 0.0184 | 10.6s
Epoch  86/100 | mean loss 0.0184 | 6.6s
  step  2250 | loss 0.0172 | lp 0.0172 | struct 0.0000 | gate_bias 0.00
Epoch  87/100 | mean loss 0.0183 | 6.7s
Epoch  88/100 | mean loss 0.0182 | 6.6s
  step  2300 | loss 0.0166 | lp 0.0166 | struct 0.0000 | gate_bias 0.00
Epoch  89/100 | mean loss 0.0180 | 6.7s
Epoch  90/100 | mean loss 0.0179 | 6.7s
  step  2350 | loss 0.0195 | lp 0.0195 | struct 0.0000 | gate_bias 0.00
Epoch  91/100 | mean loss 0.0177 | 6.7s
Epoch  92/100 | mean loss 0.0176 | 6.6s
  step  2400 | loss 0.0161 | lp 0.0161 | struct 0.0000 | gate_bias 0.00
  [eval] step 2400 | MRR 0.1344 | H@1 0.0000 | H@10 0.4369
  [best] new best val MRR: 0.1344
Epoch  93/100 | mean loss 0.0173 | 10.6s
Epoch  94/100 | mean loss 0.0171 | 6.6s
  step  2450 | loss 0.0173 | lp 0.0173 | struct 0.0000 | gate_bias 0.00
Epoch  95/100 | mean loss 0.0169 | 6.7s
Epoch  96/100 | mean loss 0.0168 | 6.6s
  step  2500 | loss 0.0163 | lp 0.0163 | struct 0.0000 | gate_bias 0.00
Epoch  97/100 | mean loss 0.0168 | 6.7s
Epoch  98/100 | mean loss 0.0165 | 6.6s
  step  2550 | loss 0.0152 | lp 0.0152 | struct 0.0000 | gate_bias 0.00
Epoch  99/100 | mean loss 0.0162 | 6.7s
  step  2600 | loss 0.0204 | lp 0.0204 | struct 0.0000 | gate_bias 0.00
  [eval] step 2600 | MRR 0.1334 | H@1 0.0000 | H@10 0.4359
Epoch 100/100 | mean loss 0.0162 | 10.9s

Inductive v3 — filtered (rank vs all entities):
  mrr: 0.0972
  hits@1: 0.0000
  hits@3: 0.1339
  hits@10: 0.2876
Inductive v3 — GraIL (vs 50 negatives):
  hits@10_50neg: 0.8595
  mrr_50neg: 0.6311
  auc_pr: 0.8607
  n: 605.0000

RESULT | inductive version=v3 | flow=up | embed=all-mpnet-base-v2 | mrr=0.0972 h@1=0.0000 h@3=0.1339 h@10=0.2876
GRAIL  | inductive version=v3 | flow=up | embed=all-mpnet-base-v2 | hits@10_50neg=0.8595 mrr_50neg=0.6311 auc_pr=0.8607
======================================================================
======================================================================
Inductive WN18RR v4 | flow=up
======================================================================
  Loaded entity text from entity2text.txt (40943 entries)
  GraIL WN18RR v4: train graph 3862 ent / 7940 edges | ind graph 7085 ent / 12334 support / 1429 test | 9 relations (shared)
Training for 100 epochs
  Entities: 3862
  Train triples: 7940
  Val triples:   934
  Device: cuda
Epoch   1/100 | mean loss 0.7294 | 1.1s
Epoch   2/100 | mean loss 0.3261 | 1.0s
Epoch   3/100 | mean loss 0.2338 | 1.0s
Epoch   4/100 | mean loss 0.1753 | 1.0s
Epoch   5/100 | mean loss 0.1352 | 1.1s
Epoch   6/100 | mean loss 0.1112 | 1.0s
  step    50 | loss 0.0938 | lp 0.0938 | struct 0.0000 | gate_bias -2.00
Epoch   7/100 | mean loss 0.0955 | 1.0s
Epoch   8/100 | mean loss 0.0846 | 1.0s
Epoch   9/100 | mean loss 0.0762 | 1.0s
Epoch  10/100 | mean loss 0.0701 | 1.0s
Epoch  11/100 | mean loss 0.0647 | 1.0s
Epoch  12/100 | mean loss 0.0609 | 1.0s
  step   100 | loss 0.0535 | lp 0.0535 | struct 0.0000 | gate_bias -2.00
Epoch  13/100 | mean loss 0.0574 | 1.0s
Epoch  14/100 | mean loss 0.0532 | 1.0s
Epoch  15/100 | mean loss 0.0504 | 1.0s
Epoch  16/100 | mean loss 0.0473 | 1.0s
Epoch  17/100 | mean loss 0.0448 | 1.0s
Epoch  18/100 | mean loss 0.0434 | 1.0s
  step   150 | loss 0.0379 | lp 0.0379 | struct 0.0000 | gate_bias -2.00
Epoch  19/100 | mean loss 0.0413 | 1.0s
Epoch  20/100 | mean loss 0.0393 | 1.0s
Epoch  21/100 | mean loss 0.0376 | 1.0s
Epoch  22/100 | mean loss 0.0364 | 1.0s
Epoch  23/100 | mean loss 0.0353 | 1.0s
Epoch  24/100 | mean loss 0.0348 | 1.0s
  step   200 | loss 0.0311 | lp 0.0311 | struct 0.0000 | gate_bias -2.00
  [eval] step 200 | MRR 0.1331 | H@1 0.0000 | H@10 0.4165
  [best] new best val MRR: 0.1331
Epoch  25/100 | mean loss 0.0337 | 2.2s
Epoch  26/100 | mean loss 0.0318 | 1.0s
Epoch  27/100 | mean loss 0.0307 | 1.0s
Epoch  28/100 | mean loss 0.0297 | 1.0s
Epoch  29/100 | mean loss 0.0288 | 1.0s
Epoch  30/100 | mean loss 0.0277 | 1.0s
Epoch  31/100 | mean loss 0.0268 | 1.0s
  step   250 | loss 0.0249 | lp 0.0249 | struct 0.0000 | gate_bias -2.00
Epoch  32/100 | mean loss 0.0266 | 1.0s
Epoch  33/100 | mean loss 0.0262 | 1.0s
Epoch  34/100 | mean loss 0.0256 | 1.5s
Epoch  35/100 | mean loss 0.0243 | 1.0s
Epoch  36/100 | mean loss 0.0246 | 1.0s
Epoch  37/100 | mean loss 0.0236 | 1.0s
  step   300 | loss 0.0233 | lp 0.0233 | struct 0.0000 | gate_bias -2.00
Epoch  38/100 | mean loss 0.0231 | 1.0s
Epoch  39/100 | mean loss 0.0220 | 1.0s
Epoch  40/100 | mean loss 0.0217 | 1.0s
Epoch  41/100 | mean loss 0.0216 | 1.0s
Epoch  42/100 | mean loss 0.0206 | 1.0s
Epoch  43/100 | mean loss 0.0204 | 1.0s
  step   350 | loss 0.0202 | lp 0.0202 | struct 0.0000 | gate_bias -2.00
Epoch  44/100 | mean loss 0.0200 | 1.0s
Epoch  45/100 | mean loss 0.0196 | 1.0s
Epoch  46/100 | mean loss 0.0192 | 1.0s
Epoch  47/100 | mean loss 0.0186 | 1.0s
Epoch  48/100 | mean loss 0.0187 | 1.0s
Epoch  49/100 | mean loss 0.0183 | 1.0s
  step   400 | loss 0.0198 | lp 0.0198 | struct 0.0000 | gate_bias -2.00
  [eval] step 400 | MRR 0.1547 | H@1 0.0000 | H@10 0.5128
  [best] new best val MRR: 0.1547
Epoch  50/100 | mean loss 0.0184 | 2.2s
Epoch  51/100 | mean loss 0.0177 | 1.0s
Epoch  52/100 | mean loss 0.0188 | 1.0s
Epoch  53/100 | mean loss 0.0178 | 1.0s
Epoch  54/100 | mean loss 0.0172 | 1.0s
Epoch  55/100 | mean loss 0.0169 | 1.0s
Epoch  56/100 | mean loss 0.0165 | 1.0s
  step   450 | loss 0.0159 | lp 0.0159 | struct 0.0000 | gate_bias -2.00
Epoch  57/100 | mean loss 0.0161 | 1.0s
Epoch  58/100 | mean loss 0.0162 | 1.0s
Epoch  59/100 | mean loss 0.0157 | 1.0s
Epoch  60/100 | mean loss 0.0158 | 1.0s
Epoch  61/100 | mean loss 0.0157 | 1.1s
Epoch  62/100 | mean loss 0.0151 | 1.0s
  step   500 | loss 0.0143 | lp 0.0143 | struct 0.0000 | gate_bias -2.00
Epoch  63/100 | mean loss 0.0152 | 1.0s
Epoch  64/100 | mean loss 0.0149 | 1.0s
Epoch  65/100 | mean loss 0.0146 | 1.0s
Epoch  66/100 | mean loss 0.0144 | 1.0s
Epoch  67/100 | mean loss 0.0146 | 1.0s
Epoch  68/100 | mean loss 0.0142 | 1.0s
  step   550 | loss 0.0140 | lp 0.0140 | struct 0.0000 | gate_bias -1.90
Epoch  69/100 | mean loss 0.0141 | 1.0s
Epoch  70/100 | mean loss 0.0137 | 1.0s
Epoch  71/100 | mean loss 0.0138 | 1.0s
Epoch  72/100 | mean loss 0.0138 | 1.0s
Epoch  73/100 | mean loss 0.0132 | 1.0s
Epoch  74/100 | mean loss 0.0134 | 1.0s
  step   600 | loss 0.0139 | lp 0.0139 | struct 0.0000 | gate_bias -1.80
  [eval] step 600 | MRR 0.1678 | H@1 0.0000 | H@10 0.5707
  [best] new best val MRR: 0.1678
Epoch  75/100 | mean loss 0.0134 | 2.4s
Epoch  76/100 | mean loss 0.0139 | 1.1s
Epoch  77/100 | mean loss 0.0143 | 1.0s
Epoch  78/100 | mean loss 0.0137 | 1.0s
Epoch  79/100 | mean loss 0.0133 | 1.0s
Epoch  80/100 | mean loss 0.0130 | 1.0s
Epoch  81/100 | mean loss 0.0124 | 1.0s
  step   650 | loss 0.0118 | lp 0.0118 | struct 0.0000 | gate_bias -1.70
Epoch  82/100 | mean loss 0.0123 | 1.0s
Epoch  83/100 | mean loss 0.0122 | 1.0s
Epoch  84/100 | mean loss 0.0123 | 1.0s
Epoch  85/100 | mean loss 0.0121 | 1.0s
Epoch  86/100 | mean loss 0.0120 | 1.0s
Epoch  87/100 | mean loss 0.0119 | 1.0s
  step   700 | loss 0.0118 | lp 0.0118 | struct 0.0000 | gate_bias -1.60
Epoch  88/100 | mean loss 0.0115 | 1.0s
Epoch  89/100 | mean loss 0.0116 | 1.1s
Epoch  90/100 | mean loss 0.0116 | 1.0s
Epoch  91/100 | mean loss 0.0113 | 1.0s
Epoch  92/100 | mean loss 0.0114 | 1.0s
Epoch  93/100 | mean loss 0.0111 | 1.0s
  step   750 | loss 0.0120 | lp 0.0120 | struct 0.0000 | gate_bias -1.50
Epoch  94/100 | mean loss 0.0114 | 1.0s
Epoch  95/100 | mean loss 0.0113 | 1.0s
Epoch  96/100 | mean loss 0.0110 | 1.0s
Epoch  97/100 | mean loss 0.0110 | 1.0s
Epoch  98/100 | mean loss 0.0110 | 1.0s
Epoch  99/100 | mean loss 0.0106 | 1.0s
  step   800 | loss 0.0111 | lp 0.0111 | struct 0.0000 | gate_bias -1.40
  [eval] step 800 | MRR 0.1759 | H@1 0.0000 | H@10 0.5985
  [best] new best val MRR: 0.1759
Epoch 100/100 | mean loss 0.0109 | 2.2s

Inductive v4 — filtered (rank vs all entities):
  mrr: 0.0732
  hits@1: 0.0000
  hits@3: 0.0931
  hits@10: 0.2176
Inductive v4 — GraIL (vs 50 negatives):
  hits@10_50neg: 0.8279
  mrr_50neg: 0.5932
  auc_pr: 0.8632
  n: 1429.0000

RESULT | inductive version=v4 | flow=up | embed=all-mpnet-base-v2 | mrr=0.0732 h@1=0.0000 h@3=0.0931 h@10=0.2176
GRAIL  | inductive version=v4 | flow=up | embed=all-mpnet-base-v2 | hits@10_50neg=0.8279 mrr_50neg=0.5932 auc_pr=0.8632
======================================================================
